Component: Arm Compiler for Embedded 6.19 Tool: armlink [5e73cb00]

==============================================================================

Section Cross References

    startup_stm32h723xx.o(STACK) refers (Special) to heapauxi.o(.text) for __use_two_region_memory
    startup_stm32h723xx.o(HEAP) refers (Special) to heapauxi.o(.text) for __use_two_region_memory
    startup_stm32h723xx.o(RESET) refers (Special) to heapauxi.o(.text) for __use_two_region_memory
    startup_stm32h723xx.o(RESET) refers to startup_stm32h723xx.o(STACK) for __initial_sp
    startup_stm32h723xx.o(RESET) refers to startup_stm32h723xx.o(.text) for Reset_Handler
    startup_stm32h723xx.o(RESET) refers to stm32h7xx_it.o(.text.NMI_Handler) for NMI_Handler
    startup_stm32h723xx.o(RESET) refers to stm32h7xx_it.o(.text.HardFault_Handler) for HardFault_Handler
    startup_stm32h723xx.o(RESET) refers to stm32h7xx_it.o(.text.MemManage_Handler) for MemManage_Handler
    startup_stm32h723xx.o(RESET) refers to stm32h7xx_it.o(.text.BusFault_Handler) for BusFault_Handler
    startup_stm32h723xx.o(RESET) refers to stm32h7xx_it.o(.text.UsageFault_Handler) for UsageFault_Handler
    startup_stm32h723xx.o(RESET) refers to stm32h7xx_it.o(.text.SVC_Handler) for SVC_Handler
    startup_stm32h723xx.o(RESET) refers to stm32h7xx_it.o(.text.DebugMon_Handler) for DebugMon_Handler
    startup_stm32h723xx.o(RESET) refers to stm32h7xx_it.o(.text.PendSV_Handler) for PendSV_Handler
    startup_stm32h723xx.o(RESET) refers to stm32h7xx_it.o(.text.SysTick_Handler) for SysTick_Handler
    startup_stm32h723xx.o(RESET) refers to stm32h7xx_it.o(.text.USART1_IRQHandler) for USART1_IRQHandler
    startup_stm32h723xx.o(RESET) refers to stm32h7xx_it.o(.text.USART2_IRQHandler) for USART2_IRQHandler
    startup_stm32h723xx.o(RESET) refers to stm32h7xx_it.o(.text.USART3_IRQHandler) for USART3_IRQHandler
    startup_stm32h723xx.o(.text) refers (Special) to heapauxi.o(.text) for __use_two_region_memory
    startup_stm32h723xx.o(.text) refers to system_stm32h7xx.o(.text.SystemInit) for SystemInit
    startup_stm32h723xx.o(.text) refers to __main.o(!!!main) for __main
    startup_stm32h723xx.o(.text) refers to startup_stm32h723xx.o(HEAP) for Heap_Mem
    startup_stm32h723xx.o(.text) refers to startup_stm32h723xx.o(STACK) for Stack_Mem
    main.o(.text.main) refers to stm32h7xx_hal.o(.text.HAL_Init) for HAL_Init
    main.o(.text.main) refers to main.o(.text.SystemClock_Config) for SystemClock_Config
    main.o(.text.main) refers to gpio.o(.text.MX_GPIO_Init) for MX_GPIO_Init
    main.o(.text.main) refers to tim.o(.text.MX_TIM1_Init) for MX_TIM1_Init
    main.o(.text.main) refers to tim.o(.text.MX_TIM2_Init) for MX_TIM2_Init
    main.o(.text.main) refers to tim.o(.text.MX_TIM3_Init) for MX_TIM3_Init
    main.o(.text.main) refers to tim.o(.text.MX_TIM4_Init) for MX_TIM4_Init
    main.o(.text.main) refers to tim.o(.text.MX_TIM5_Init) for MX_TIM5_Init
    main.o(.text.main) refers to tim.o(.text.MX_TIM8_Init) for MX_TIM8_Init
    main.o(.text.main) refers to tim.o(.text.MX_TIM15_Init) for MX_TIM15_Init
    main.o(.text.main) refers to usart.o(.text.MX_USART1_UART_Init) for MX_USART1_UART_Init
    main.o(.text.main) refers to usart.o(.text.MX_USART2_UART_Init) for MX_USART2_UART_Init
    main.o(.text.main) refers to usart.o(.text.MX_USART3_UART_Init) for MX_USART3_UART_Init
    main.o(.text.main) refers to tasks.o(.text.tasks_init) for tasks_init
    main.o(.text.main) refers to tasks.o(.text.tasks_run) for tasks_run
    main.o(.ARM.exidx.text.main) refers to main.o(.text.main) for [Anonymous Symbol]
    main.o(.text.SystemClock_Config) refers to stm32h7xx_hal_pwr_ex.o(.text.HAL_PWREx_ConfigSupply) for HAL_PWREx_ConfigSupply
    main.o(.text.SystemClock_Config) refers to stm32h7xx_hal_rcc.o(.text.HAL_RCC_OscConfig) for HAL_RCC_OscConfig
    main.o(.text.SystemClock_Config) refers to stm32h7xx_hal_rcc.o(.text.HAL_RCC_ClockConfig) for HAL_RCC_ClockConfig
    main.o(.ARM.exidx.text.SystemClock_Config) refers to main.o(.text.SystemClock_Config) for [Anonymous Symbol]
    main.o(.ARM.exidx.text.Error_Handler) refers to main.o(.text.Error_Handler) for [Anonymous Symbol]
    gpio.o(.text.MX_GPIO_Init) refers to stm32h7xx_hal_gpio.o(.text.HAL_GPIO_WritePin) for HAL_GPIO_WritePin
    gpio.o(.text.MX_GPIO_Init) refers to stm32h7xx_hal_gpio.o(.text.HAL_GPIO_Init) for HAL_GPIO_Init
    gpio.o(.ARM.exidx.text.MX_GPIO_Init) refers to gpio.o(.text.MX_GPIO_Init) for [Anonymous Symbol]
    tim.o(.text.MX_TIM1_Init) refers to tim.o(.bss.htim1) for htim1
    tim.o(.text.MX_TIM1_Init) refers to stm32h7xx_hal_tim.o(.text.HAL_TIM_Encoder_Init) for HAL_TIM_Encoder_Init
    tim.o(.text.MX_TIM1_Init) refers to main.o(.text.Error_Handler) for Error_Handler
    tim.o(.text.MX_TIM1_Init) refers to stm32h7xx_hal_tim_ex.o(.text.HAL_TIMEx_MasterConfigSynchronization) for HAL_TIMEx_MasterConfigSynchronization
    tim.o(.ARM.exidx.text.MX_TIM1_Init) refers to tim.o(.text.MX_TIM1_Init) for [Anonymous Symbol]
[...]
    [Anonymous Symbol]                       0x08007908   Section        0  actuator.o(.text.motor_set_state)
    [Anonymous Symbol]                       0x08007928   Section        0  actuator.o(.text.motor_update)
    [Anonymous Symbol]                       0x08007a30   Section        0  tasks.o(.text.nav_cb)
    [Anonymous Symbol]                       0x08007b48   Section        0  pid.o(.text.pid_init)
    [Anonymous Symbol]                       0x08007b88   Section        0  pid.o(.text.pid_refresh)
    [Anonymous Symbol]                       0x08007c90   Section        0  pid.o(.text.pid_reset)
    [Anonymous Symbol]                       0x08007cc0   Section        0  comm.o(.text.read_pid_info)
    [Anonymous Symbol]                       0x08007de0   Section        0  actuator.o(.text.servo_180_init)
    [Anonymous Symbol]                       0x08007df0   Section        0  actuator.o(.text.servo_180_set_angle)
    [Anonymous Symbol]                       0x08007e90   Section        0  tasks.o(.text.tasks_init)
    [Anonymous Symbol]                       0x08008118   Section        0  tasks.o(.text.tasks_run)
    [Anonymous Symbol]                       0x08008138   Section        0  time_slice.o(.text.time_slice_init)
    [Anonymous Symbol]                       0x08008150   Section        0  time_slice.o(.text.time_slice_run)
    [Anonymous Symbol]                       0x08008178   Section        0  comm.o(.text.uart2_solve)
    [Anonymous Symbol]                       0x08008390   Section        0  ultrasonic.o(.text.ultrasonic_init)
    [Anonymous Symbol]                       0x080083f0   Section        0  coordinate2d.o(.text.vector2matrix)
    [Anonymous Symbol]                       0x08008448   Section        0  coordinate2d.o(.text.world2base)
    [Anonymous Symbol]                       0x08008550   Section        0  comm.o(.text.write_ultrasonic_info)
    i.__ARM_fpclassify                       0x08008668   Section        0  fpclassify.o(i.__ARM_fpclassify)
    i.__ARM_fpclassifyf                      0x08008698   Section        0  fpclassifyf.o(i.__ARM_fpclassifyf)
    i.__hardfp_cos                           0x080086c0   Section        0  cos.o(i.__hardfp_cos)
    i.__hardfp_cosf                          0x08008770   Section        0  cosf.o(i.__hardfp_cosf)
    i.__hardfp_fmodf                         0x080088c0   Section        0  fmodf.o(i.__hardfp_fmodf)
    i.__hardfp_sin                           0x08008970   Section        0  sin.o(i.__hardfp_sin)
    i.__hardfp_sinf                          0x08008a20   Section        0  sinf.o(i.__hardfp_sinf)
    i.__ieee754_rem_pio2                     0x08008bb0   Section        0  rred.o(i.__ieee754_rem_pio2)
    i.__kernel_cos                           0x08008eb8   Section        0  cos_i.o(i.__kernel_cos)
    i.__kernel_poly                          0x08008f7c   Section        0  poly.o(i.__kernel_poly)
    i.__kernel_sin                           0x08008ff0   Section        0  sin_i.o(i.__kernel_sin)
    i.__mathlib_dbl_invalid                  0x08009090   Section        0  dunder.o(i.__mathlib_dbl_invalid)
    i.__mathlib_dbl_underflow                0x080090a8   Section        0  dunder.o(i.__mathlib_dbl_underflow)
    i.__mathlib_flt_infnan                   0x080090c0   Section        0  funder.o(i.__mathlib_flt_infnan)
    i.__mathlib_flt_invalid                  0x080090c8   Section        0  funder.o(i.__mathlib_flt_invalid)
    i.__mathlib_flt_underflow                0x080090d8   Section        0  funder.o(i.__mathlib_flt_underflow)
    i.__mathlib_rredf2                       0x080090e8   Section        0  rredf.o(i.__mathlib_rredf2)
    i.fabs                                   0x0800923c   Section        0  fabs.o(i.fabs)
    $v0                                      0x08009254   Number         0  fnaninf.o(x$fpl$fnaninf)
    x$fpl$fnaninf                            0x08009254   Section      140  fnaninf.o(x$fpl$fnaninf)
    $v0                                      0x080092e0   Number         0  fpinit.o(x$fpl$fpinit)
    x$fpl$fpinit                             0x080092e0   Section       26  fpinit.o(x$fpl$fpinit)
    $v0                                      0x080092fc   Number         0  frem_clz.o(x$fpl$frem)
    x$fpl$frem                               0x080092fc   Section      244  frem_clz.o(x$fpl$frem)
    C                                        0x080093f0   Data          48  cos_i.o(.constdata)
    .constdata                               0x080093f0   Section       48  cos_i.o(.constdata)
    x$fpl$usenofp                            0x080093f0   Section        0  usenofp.o(x$fpl$usenofp)
    pio2s                                    0x08009420   Data          48  rred.o(.constdata)
    .constdata                               0x08009420   Section      204  rred.o(.constdata)
    twooverpi                                0x08009450   Data         156  rred.o(.constdata)
    twooverpi                                0x080094ec   Data          32  rredf.o(.constdata)
    .constdata                               0x080094ec   Section       32  rredf.o(.constdata)
    S                                        0x08009510   Data          40  sin_i.o(.constdata)
    .constdata                               0x08009510   Section       40  sin_i.o(.constdata)
    .Lswitch.table.UART_SetConfig.7          0x08009538   Data           6  stm32h7xx_hal_uart.o(.rodata..Lswitch.table.UART_SetConfig.7)
    .Lswitch.table.UART_SetConfig.9          0x0800953e   Data           6  stm32h7xx_hal_uart.o(.rodata..Lswitch.table.UART_SetConfig.9)
    UARTEx_SetNbDataToProcess.numerator      0x0800956c   Data           8  stm32h7xx_hal_uart_ex.o(.rodata.cst8)
    [Anonymous Symbol]                       0x0800956c   Section        0  stm32h7xx_hal_uart_ex.o(.rodata.cst8)
    UARTEx_SetNbDataToProcess.denominator    0x08009574   Data           8  stm32h7xx_hal_uart_ex.o(.rodata.cst8)
    .L_MergedGlobals                         0x24000000   Data           8  stm32h7xx_hal.o(.data..L_MergedGlobals)
    [Anonymous Symbol]                       0x24000000   Section        0  stm32h7xx_hal.o(.data..L_MergedGlobals)
    .L_MergedGlobals                         0x24000008   Data           8  system_stm32h7xx.o(.data..L_MergedGlobals)
    [Anonymous Symbol]                       0x24000008   Section        0  system_stm32h7xx.o(.data..L_MergedGlobals)
    .bss                                     0x24000010   Section       96  libspace.o(.bss)
    .L_MergedGlobals                         0x24000070   Data          67  comm.o(.bss..L_MergedGlobals)
    [Anonymous Symbol]                       0x24000070   Section        0  comm.o(.bss..L_MergedGlobals)
    .L_MergedGlobals                         0x240000b4   Data         112  tasks.o(.bss..L_MergedGlobals)
    [Anonymous Symbol]                       0x240000b4   Section        0  tasks.o(.bss..L_MergedGlobals)
    nav_cb.last_wheels.0                     0x240000b8   Data           4  tasks.o(.bss..L_MergedGlobals)
    nav_cb.last_wheels.1                     0x240000bc   Data           4  tasks.o(.bss..L_MergedGlobals)
    nav_cb.last_wheels.2                     0x240000c0   Data           4  tasks.o(.bss..L_MergedGlobals)
    nav_cb.last_wheels.3                     0x240000c4   Data           4  tasks.o(.bss..L_MergedGlobals)
    .L_MergedGlobals.1                       0x24000124   Data         104  tasks.o(.bss..L_MergedGlobals.1)
    [Anonymous Symbol]                       0x24000124   Section        0  tasks.o(.bss..L_MergedGlobals.1)
    Heap_Mem                                 0x24000c00   Data         512  startup_stm32h723xx.o(HEAP)
    HEAP                                     0x24000c00   Section      512  startup_stm32h723xx.o(HEAP)
    Stack_Mem                                0x24000e00   Data        1024  startup_stm32h723xx.o(STACK)
    STACK                                    0x24000e00   Section     1024  startup_stm32h723xx.o(STACK)
    __initial_sp                             0x24001200   Data           0  startup_stm32h723xx.o(STACK)

    Global Symbols

    Symbol Name                              Value     Ov Type        Size  Object(Section)

    BuildAttributes$$THM_ISAv4$E$P$D$K$B$S$7EM$VFPv5_D16$PE$PLD8$A:L22UL41UL21$X:L11$S22US41US21$IEEE1$IW$~IW$USESV6$~STKCKD$USESV7$~SHL$OTIME$ROPI$IEEEX$EBA8$UX$STANDARDLIB$REQ8$PRES8$EABIv2 0x00000000   Number         0  anon$$obj.o ABSOLUTE
    __ARM_exceptions_init                     - Undefined Weak Reference
    __alloca_initialize                       - Undefined Weak Reference
    __arm_preinit_                            - Undefined Weak Reference
    __arm_relocate_pie_                       - Undefined Weak Reference
    __cpp_initialize__aeabi_                  - Undefined Weak Reference
    __cxa_finalize                            - Undefined Weak Reference
    __rt_locale                               - Undefined Weak Reference
    __sigvec_lookup                           - Undefined Weak Reference
    _atexit_init                              - Undefined Weak Reference
    _call_atexit_fns                          - Undefined Weak Reference
    _clock_init                               - Undefined Weak Reference
    _fp_trap_init                             - Undefined Weak Reference
    _fp_trap_shutdown                         - Undefined Weak Reference
    _get_lc_collate                           - Undefined Weak Reference
    _get_lc_ctype                             - Undefined Weak Reference
    _get_lc_monetary                          - Undefined Weak Reference
    _get_lc_numeric                           - Undefined Weak Reference
    _get_lc_time                              - Undefined Weak Reference
    _getenv_init                              - Undefined Weak Reference
    _handle_redirection                       - Undefined Weak Reference
    _init_alloc                               - Undefined Weak Reference
    _init_user_alloc                          - Undefined Weak Reference
    _initio                                   - Undefined Weak Reference
    _rand_init                                - Undefined Weak Reference
    _signal_finish                            - Undefined Weak Reference
    _signal_init                              - Undefined Weak Reference
    _terminate_alloc                          - Undefined Weak Reference
    _terminate_user_alloc                     - Undefined Weak Reference
    _terminateio                              - Undefined Weak Reference
    __Vectors_Size                           0x000002cc   Number         0  startup_stm32h723xx.o ABSOLUTE
    __Vectors                                0x08000000   Data           4  startup_stm32h723xx.o(RESET)
    __Vectors_End                            0x080002cc   Data           0  startup_stm32h723xx.o(RESET)
    __main                                   0x080002cd   Thumb Code     8  __main.o(!!!main)
    __scatterload                            0x080002d5   Thumb Code     0  __scatter.o(!!!scatter)
    __scatterload_rt2                        0x080002d5   Thumb Code    44  __scatter.o(!!!scatter)
    __scatterload_rt2_thumb_only             0x080002d5   Thumb Code     0  __scatter.o(!!!scatter)
    __scatterload_null                       0x080002e3   Thumb Code     0  __scatter.o(!!!scatter)
    __scatterload_copy                       0x08000309   Thumb Code    26  __scatter_copy.o(!!handler_copy)
    __scatterload_zeroinit                   0x08000325   Thumb Code    28  __scatter_zi.o(!!handler_zi)
    __rt_lib_init                            0x08000341   Thumb Code     0  libinit.o(.ARM.Collect$$libinit$$00000000)
    __rt_lib_init_fp_1                       0x08000343   Thumb Code     0  libinit2.o(.ARM.Collect$$libinit$$00000001)
    __rt_lib_init_alloca_1                   0x08000347   Thumb Code     0  libinit2.o(.ARM.Collect$$libinit$$00000030)
    __rt_lib_init_argv_1                     0x08000347   Thumb Code     0  libinit2.o(.ARM.Collect$$libinit$$0000002E)
    __rt_lib_init_atexit_1                   0x08000347   Thumb Code     0  libinit2.o(.ARM.Collect$$libinit$$0000001D)
    __rt_lib_init_clock_1                    0x08000347   Thumb Code     0  libinit2.o(.ARM.Collect$$libinit$$00000023)
    __rt_lib_init_cpp_1                      0x08000347   Thumb Code     0  libinit2.o(.ARM.Collect$$libinit$$00000034)
    __rt_lib_init_exceptions_1               0x08000347   Thumb Code     0  libinit2.o(.ARM.Collect$$libinit$$00000032)
    __rt_lib_init_fp_trap_1                  0x08000347   Thumb Code     0  libinit2.o(.ARM.Collect$$libinit$$00000021)
    __rt_lib_init_getenv_1                   0x08000347   Thumb Code     0  libinit2.o(.ARM.Collect$$libinit$$00000025)
    __rt_lib_init_heap_1                     0x08000347   Thumb Code     0  libinit2.o(.ARM.Collect$$libinit$$0000000C)
    __rt_lib_init_lc_collate_1               0x08000347   Thumb Code     0  libinit2.o(.ARM.Collect$$libinit$$00000013)
    __rt_lib_init_lc_ctype_1                 0x08000347   Thumb Code     0  libinit2.o(.ARM.Collect$$libinit$$00000015)
    __rt_lib_init_lc_monetary_1              0x08000347   Thumb Code     0  libinit2.o(.ARM.Collect$$libinit$$00000017)
    __rt_lib_init_lc_numeric_1               0x08000347   Thumb Code     0  libinit2.o(.ARM.Collect$$libinit$$00000019)
    __rt_lib_init_lc_time_1                  0x08000347   Thumb Code     0  libinit2.o(.ARM.Collect$$libinit$$0000001B)
    __rt_lib_init_preinit_1                  0x08000347   Thumb Code     0  libinit2.o(.ARM.Collect$$libinit$$00000006)
    __rt_lib_init_rand_1                     0x08000347   Thumb Code     0  libinit2.o(.ARM.Collect$$libinit$$00000010)
    __rt_lib_init_relocate_pie_1             0x08000347   Thumb Code     0  libinit2.o(.ARM.Collect$$libinit$$00000004)
    __rt_lib_init_return                     0x08000347   Thumb Code     0  libinit2.o(.ARM.Collect$$libinit$$00000035)
    __rt_lib_init_signal_1                   0x08000347   Thumb Code     0  libinit2.o(.ARM.Collect$$libinit$$0000001F)
    __rt_lib_init_stdio_1                    0x08000347   Thumb Code     0  libinit2.o(.ARM.Collect$$libinit$$00000027)
    __rt_lib_init_user_alloc_1               0x08000347   Thumb Code     0  libinit2.o(.ARM.Collect$$libinit$$0000000E)
    __rt_lib_shutdown                        0x08000349   Thumb Code     0  libshutdown.o(.ARM.Collect$$libshutdown$$00000000)
    __rt_lib_shutdown_cpp_1                  0x0800034b   Thumb Code     0  libshutdown2.o(.ARM.Collect$$libshutdown$$00000002)
    __rt_lib_shutdown_fp_trap_1              0x0800034b   Thumb Code     0  libshutdown2.o(.ARM.Collect$$libshutdown$$00000007)
    __rt_lib_shutdown_heap_1                 0x0800034b   Thumb Code     0  libshutdown2.o(.ARM.Collect$$libshutdown$$0000000F)
    __rt_lib_shutdown_return                 0x0800034b   Thumb Code     0  libshutdown2.o(.ARM.Collect$$libshutdown$$00000010)
    __rt_lib_shutdown_signal_1               0x0800034b   Thumb Code     0  libshutdown2.o(.ARM.Collect$$libshutdown$$0000000A)
    __rt_lib_shutdown_stdio_1                0x0800034b   Thumb Code     0  libshutdown2.o(.ARM.Collect$$libshutdown$$00000004)
    __rt_lib_shutdown_user_alloc_1           0x0800034b   Thumb Code     0  libshutdown2.o(.ARM.Collect$$libshutdown$$0000000C)
    __rt_entry                               0x0800034d   Thumb Code     0  __rtentry.o(.ARM.Collect$$rtentry$$00000000)
    __rt_entry_presh_1                       0x0800034d   Thumb Code     0  __rtentry2.o(.ARM.Collect$$rtentry$$00000002)
    __rt_entry_sh                            0x0800034d   Thumb Code     0  __rtentry4.o(.ARM.Collect$$rtentry$$00000004)
    __rt_entry_li                            0x08000353   Thumb Code     0  __rtentry2.o(.ARM.Collect$$rtentry$$0000000A)
    __rt_entry_postsh_1                      0x08000353   Thumb Code     0  __rtentry2.o(.ARM.Collect$$rtentry$$00000009)
    __rt_entry_main                          0x08000357   Thumb Code     0  __rtentry2.o(.ARM.Collect$$rtentry$$0000000D)
    __rt_entry_postli_1                      0x08000357   Thumb Code     0  __rtentry2.o(.ARM.Collect$$rtentry$$0000000C)
    __rt_exit                                0x0800035f   Thumb Code     0  rtexit.o(.ARM.Collect$$rtexit$$00000000)
    __rt_exit_ls                             0x08000361   Thumb Code     0  rtexit2.o(.ARM.Collect$$rtexit$$00000003)
    __rt_exit_prels_1                        0x08000361   Thumb Code     0  rtexit2.o(.ARM.Collect$$rtexit$$00000002)
    __rt_exit_exit                           0x08000365   Thumb Code     0  rtexit2.o(.ARM.Collect$$rtexit$$00000004)
    Reset_Handler                            0x0800036d   Thumb Code     8  startup_stm32h723xx.o(.text)
    ADC3_IRQHandler                          0x08000387   Thumb Code     0  startup_stm32h723xx.o(.text)
    ADC_IRQHandler                           0x08000387   Thumb Code     0  startup_stm32h723xx.o(.text)
    BDMA_Channel0_IRQHandler                 0x08000387   Thumb Code     0  startup_stm32h723xx.o(.text)
    BDMA_Channel1_IRQHandler                 0x08000387   Thumb Code     0  startup_stm32h723xx.o(.text)
    BDMA_Channel2_IRQHandler                 0x08000387   Thumb Code     0  startup_stm32h723xx.o(.text)
    BDMA_Channel3_IRQHandler                 0x08000387   Thumb Code     0  startup_stm32h723xx.o(.text)
    BDMA_Channel4_IRQHandler                 0x08000387   Thumb Code     0  startup_stm32h723xx.o(.text)
    BDMA_Channel5_IRQHandler                 0x08000387   Thumb Code     0  startup_stm32h723xx.o(.text)
    BDMA_Channel6_IRQHandler                 0x08000387   Thumb Code     0  startup_stm32h723xx.o(.text)
    BDMA_Channel7_IRQHandler                 0x08000387   Thumb Code     0  startup_stm32h723xx.o(.text)
    CEC_IRQHandler                           0x08000387   Thumb Code     0  startup_stm32h723xx.o(.text)
    COMP1_IRQHandler                         0x08000387   Thumb Code     0  startup_stm32h723xx.o(.text)
    CORDIC_IRQHandler                        0x08000387   Thumb Code     0  startup_stm32h723xx.o(.text)
    CRS_IRQHandler                           0x08000387   Thumb Code     0  startup_stm32h723xx.o(.text)
    DCMI_PSSI_IRQHandler                     0x08000387   Thumb Code     0  startup_stm32h723xx.o(.text)
    DFSDM1_FLT0_IRQHandler                   0x08000387   Thumb Code     0  startup_stm32h723xx.o(.text)
    DFSDM1_FLT1_IRQHandler                   0x08000387   Thumb Code     0  startup_stm32h723xx.o(.text)
    DFSDM1_FLT2_IRQHandler                   0x08000387   Thumb Code     0  startup_stm32h723xx.o(.text)
    DFSDM1_FLT3_IRQHandler                   0x08000387   Thumb Code     0  startup_stm32h723xx.o(.text)
    DMA1_Stream0_IRQHandler                  0x08000387   Thumb Code     0  startup_stm32h723xx.o(.text)
    DMA1_Stream1_IRQHandler                  0x08000387   Thumb Code     0  startup_stm32h723xx.o(.text)
    DMA1_Stream2_IRQHandler                  0x08000387   Thumb Code     0  startup_stm32h723xx.o(.text)
    DMA1_Stream3_IRQHandler                  0x08000387   Thumb Code     0  startup_stm32h723xx.o(.text)
    DMA1_Stream4_IRQHandler                  0x08000387   Thumb Code     0  startup_stm32h723xx.o(.text)
    DMA1_Stream5_IRQHandler                  0x08000387   Thumb Code     0  startup_stm32h723xx.o(.text)
    DMA1_Stream6_IRQHandler                  0x08000387   Thumb Code     0  startup_stm32h723xx.o(.text)
    DMA1_Stream7_IRQHandler                  0x08000387   Thumb Code     0  startup_stm32h723xx.o(.text)
    DMA2D_IRQHandler                         0x08000387   Thumb Code     0  startup_stm32h723xx.o(.text)
    DMA2_Stream0_IRQHandler                  0x08000387   Thumb Code     0  startup_stm32h723xx.o(.text)
    DMA2_Stream1_IRQHandler                  0x08000387   Thumb Code     0  startup_stm32h723xx.o(.text)
    DMA2_Stream2_IRQHandler                  0x08000387   Thumb Code     0  startup_stm32h723xx.o(.text)
    DMA2_Stream3_IRQHandler                  0x08000387   Thumb Code     0  startup_stm32h723xx.o(.text)
    DMA2_Stream4_IRQHandler                  0x08000387   Thumb Code     0  startup_stm32h723xx.o(.text)
    DMA2_Stream5_IRQHandler                  0x08000387   Thumb Code     0  startup_stm32h723xx.o(.text)
    DMA2_Stream6_IRQHandler                  0x08000387   Thumb Code     0  startup_stm32h723xx.o(.text)
    DMA2_Stream7_IRQHandler                  0x08000387   Thumb Code     0  startup_stm32h723xx.o(.text)
    DMAMUX1_OVR_IRQHandler                   0x08000387   Thumb Code     0  startup_stm32h723xx.o(.text)
    DMAMUX2_OVR_IRQHandler                   0x08000387   Thumb Code     0  startup_stm32h723xx.o(.text)
    DTS_IRQHandler                           0x08000387   Thumb Code     0  startup_stm32h723xx.o(.text)
    ECC_IRQHandler                           0x08000387   Thumb Code     0  startup_stm32h723xx.o(.text)
    ETH_IRQHandler                           0x08000387   Thumb Code     0  startup_stm32h723xx.o(.text)
    ETH_WKUP_IRQHandler                      0x08000387   Thumb Code     0  startup_stm32h723xx.o(.text)
    EXTI0_IRQHandler                         0x08000387   Thumb Code     0  startup_stm32h723xx.o(.text)
    EXTI15_10_IRQHandler                     0x08000387   Thumb Code     0  startup_stm32h723xx.o(.text)
    EXTI1_IRQHandler                         0x08000387   Thumb Code     0  startup_stm32h723xx.o(.text)
    EXTI2_IRQHandler                         0x08000387   Thumb Code     0  startup_stm32h723xx.o(.text)
    EXTI3_IRQHandler                         0x08000387   Thumb Code     0  startup_stm32h723xx.o(.text)
    EXTI4_IRQHandler                         0x08000387   Thumb Code     0  startup_stm32h723xx.o(.text)
    EXTI9_5_IRQHandler                       0x08000387   Thumb Code     0  startup_stm32h723xx.o(.text)
    FDCAN1_IT0_IRQHandler                    0x08000387   Thumb Code     0  startup_stm32h723xx.o(.text)
    FDCAN1_IT1_IRQHandler                    0x08000387   Thumb Code     0  startup_stm32h723xx.o(.text)
    FDCAN2_IT0_IRQHandler                    0x08000387   Thumb Code     0  startup_stm32h723xx.o(.text)
    FDCAN2_IT1_IRQHandler                    0x08000387   Thumb Code     0  startup_stm32h723xx.o(.text)
    FDCAN3_IT0_IRQHandler                    0x08000387   Thumb Code     0  startup_stm32h723xx.o(.text)
    FDCAN3_IT1_IRQHandler                    0x08000387   Thumb Code     0  startup_stm32h723xx.o(.text)
    FDCAN_CAL_IRQHandler                     0x08000387   Thumb Code     0  startup_stm32h723xx.o(.text)
    FLASH_IRQHandler                         0x08000387   Thumb Code     0  startup_stm32h723xx.o(.text)
    FMAC_IRQHandler                          0x08000387   Thumb Code     0  startup_stm32h723xx.o(.text)
    FMC_IRQHandler                           0x08000387   Thumb Code     0  startup_stm32h723xx.o(.text)
    FPU_IRQHandler                           0x08000387   Thumb Code     0  startup_stm32h723xx.o(.text)
    HSEM1_IRQHandler                         0x08000387   Thumb Code     0  startup_stm32h723xx.o(.text)
    I2C1_ER_IRQHandler                       0x08000387   Thumb Code     0  startup_stm32h723xx.o(.text)
    I2C1_EV_IRQHandler                       0x08000387   Thumb Code     0  startup_stm32h723xx.o(.text)
    I2C2_ER_IRQHandler                       0x08000387   Thumb Code     0  startup_stm32h723xx.o(.text)
    I2C2_EV_IRQHandler                       0x08000387   Thumb Code     0  startup_stm32h723xx.o(.text)
    I2C3_ER_IRQHandler                       0x08000387   Thumb Code     0  startup_stm32h723xx.o(.text)
    I2C3_EV_IRQHandler                       0x08000387   Thumb Code     0  startup_stm32h723xx.o(.text)
    I2C4_ER_IRQHandler                       0x08000387   Thumb Code     0  startup_stm32h723xx.o(.text)
    I2C4_EV_IRQHandler                       0x08000387   Thumb Code     0  startup_stm32h723xx.o(.text)
    I2C5_ER_IRQHandler                       0x08000387   Thumb Code     0  startup_stm32h723xx.o(.text)
    I2C5_EV_IRQHandler                       0x08000387   Thumb Code     0  startup_stm32h723xx.o(.text)
    LPTIM1_IRQHandler                        0x08000387   Thumb Code     0  startup_stm32h723xx.o(.text)
    LPTIM2_IRQHandler                        0x08000387   Thumb Code     0  startup_stm32h723xx.o(.text)
    LPTIM3_IRQHandler                        0x08000387   Thumb Code     0  startup_stm32h723xx.o(.text)
    LPTIM4_IRQHandler                        0x08000387   Thumb Code     0  startup_stm32h723xx.o(.text)
    LPTIM5_IRQHandler                        0x08000387   Thumb Code     0  startup_stm32h723xx.o(.text)
    LPUART1_IRQHandler                       0x08000387   Thumb Code     0  startup_stm32h723xx.o(.text)
    LTDC_ER_IRQHandler                       0x08000387   Thumb Code     0  startup_stm32h723xx.o(.text)
    LTDC_IRQHandler                          0x08000387   Thumb Code     0  startup_stm32h723xx.o(.text)
    MDIOS_IRQHandler                         0x08000387   Thumb Code     0  startup_stm32h723xx.o(.text)
    MDIOS_WKUP_IRQHandler                    0x08000387   Thumb Code     0  startup_stm32h723xx.o(.text)
    MDMA_IRQHandler                          0x08000387   Thumb Code     0  startup_stm32h723xx.o(.text)
    OCTOSPI1_IRQHandler                      0x08000387   Thumb Code     0  startup_stm32h723xx.o(.text)
    OCTOSPI2_IRQHandler                      0x08000387   Thumb Code     0  startup_stm32h723xx.o(.text)
    OTG_HS_EP1_IN_IRQHandler                 0x08000387   Thumb Code     0  startup_stm32h723xx.o(.text)
    OTG_HS_EP1_OUT_IRQHandler                0x08000387   Thumb Code     0  startup_stm32h723xx.o(.text)
    OTG_HS_IRQHandler                        0x08000387   Thumb Code     0  startup_stm32h723xx.o(.text)
    OTG_HS_WKUP_IRQHandler                   0x08000387   Thumb Code     0  startup_stm32h723xx.o(.text)
    PVD_AVD_IRQHandler                       0x08000387   Thumb Code     0  startup_stm32h723xx.o(.text)
    RCC_IRQHandler                           0x08000387   Thumb Code     0  startup_stm32h723xx.o(.text)
    RNG_IRQHandler                           0x08000387   Thumb Code     0  startup_stm32h723xx.o(.text)
    RTC_Alarm_IRQHandler                     0x08000387   Thumb Code     0  startup_stm32h723xx.o(.text)
    RTC_WKUP_IRQHandler                      0x08000387   Thumb Code     0  startup_stm32h723xx.o(.text)
    SAI1_IRQHandler                          0x08000387   Thumb Code     0  startup_stm32h723xx.o(.text)
    SAI4_IRQHandler                          0x08000387   Thumb Code     0  startup_stm32h723xx.o(.text)
    SDMMC1_IRQHandler                        0x08000387   Thumb Code     0  startup_stm32h723xx.o(.text)
    SDMMC2_IRQHandler                        0x08000387   Thumb Code     0  startup_stm32h723xx.o(.text)
    SPDIF_RX_IRQHandler                      0x08000387   Thumb Code     0  startup_stm32h723xx.o(.text)
    SPI1_IRQHandler                          0x08000387   Thumb Code     0  startup_stm32h723xx.o(.text)
    SPI2_IRQHandler                          0x08000387   Thumb Code     0  startup_stm32h723xx.o(.text)
    SPI3_IRQHandler                          0x08000387   Thumb Code     0  startup_stm32h723xx.o(.text)
    SPI4_IRQHandler                          0x08000387   Thumb Code     0  startup_stm32h723xx.o(.text)
    SPI5_IRQHandler                          0x08000387   Thumb Code     0  startup_stm32h723xx.o(.text)
    SPI6_IRQHandler                          0x08000387   Thumb Code     0  startup_stm32h723xx.o(.text)
    SWPMI1_IRQHandler                        0x08000387   Thumb Code     0  startup_stm32h723xx.o(.text)
    TAMP_STAMP_IRQHandler                    0x08000387   Thumb Code     0  startup_stm32h723xx.o(.text)
    TIM15_IRQHandler                         0x08000387   Thumb Code     0  startup_stm32h723xx.o(.text)
    TIM16_IRQHandler                         0x08000387   Thumb Code     0  startup_stm32h723xx.o(.text)
    TIM17_IRQHandler                         0x08000387   Thumb Code     0  startup_stm32h723xx.o(.text)
    TIM1_BRK_IRQHandler                      0x08000387   Thumb Code     0  startup_stm32h723xx.o(.text)
    TIM1_CC_IRQHandler                       0x08000387   Thumb Code     0  startup_stm32h723xx.o(.text)
    TIM1_TRG_COM_IRQHandler                  0x08000387   Thumb Code     0  startup_stm32h723xx.o(.text)
    TIM1_UP_IRQHandler                       0x08000387   Thumb Code     0  startup_stm32h723xx.o(.text)
    TIM23_IRQHandler                         0x08000387   Thumb Code     0  startup_stm32h723xx.o(.text)
    TIM24_IRQHandler                         0x08000387   Thumb Code     0  startup_stm32h723xx.o(.text)
    TIM2_IRQHandler                          0x08000387   Thumb Code     0  startup_stm32h723xx.o(.text)
    TIM3_IRQHandler                          0x08000387   Thumb Code     0  startup_stm32h723xx.o(.text)
    TIM4_IRQHandler                          0x08000387   Thumb Code     0  startup_stm32h723xx.o(.text)
    TIM5_IRQHandler                          0x08000387   Thumb Code     0  startup_stm32h723xx.o(.text)
    TIM6_DAC_IRQHandler                      0x08000387   Thumb Code     0  startup_stm32h723xx.o(.text)
    TIM7_IRQHandler                          0x08000387   Thumb Code     0  startup_stm32h723xx.o(.text)
    TIM8_BRK_TIM12_IRQHandler                0x08000387   Thumb Code     0  startup_stm32h723xx.o(.text)
    TIM8_CC_IRQHandler                       0x08000387   Thumb Code     0  startup_stm32h723xx.o(.text)
    TIM8_TRG_COM_TIM14_IRQHandler            0x08000387   Thumb Code     0  startup_stm32h723xx.o(.text)
    TIM8_UP_TIM13_IRQHandler                 0x08000387   Thumb Code     0  startup_stm32h723xx.o(.text)
    UART4_IRQHandler                         0x08000387   Thumb Code     0  startup_stm32h723xx.o(.text)
    UART5_IRQHandler                         0x08000387   Thumb Code     0  startup_stm32h723xx.o(.text)
    UART7_IRQHandler                         0x08000387   Thumb Code     0  startup_stm32h723xx.o(.text)
    UART8_IRQHandler                         0x08000387   Thumb Code     0  startup_stm32h723xx.o(.text)
    UART9_IRQHandler                         0x08000387   Thumb Code     0  startup_stm32h723xx.o(.text)
    USART10_IRQHandler                       0x08000387   Thumb Code     0  startup_stm32h723xx.o(.text)
    USART6_IRQHandler                        0x08000387   Thumb Code     0  startup_stm32h723xx.o(.text)
    WAKEUP_PIN_IRQHandler                    0x08000387   Thumb Code     0  startup_stm32h723xx.o(.text)
    WWDG_IRQHandler                          0x08000387   Thumb Code     0  startup_stm32h723xx.o(.text)
    __user_initial_stackheap                 0x08000389   Thumb Code     0  startup_stm32h723xx.o(.text)
    __aeabi_uldivmod                         0x080003ad   Thumb Code     0  lludivv7m.o(.text)
    _ll_udiv                                 0x080003ad   Thumb Code   240  lludivv7m.o(.text)
    __aeabi_memcpy                           0x0800049d   Thumb Code     0  rt_memcpy_v6.o(.text)
    __rt_memcpy                              0x0800049d   Thumb Code   138  rt_memcpy_v6.o(.text)
    _memcpy_lastbytes                        0x08000503   Thumb Code     0  rt_memcpy_v6.o(.text)
    __aeabi_memclr4                          0x08000527   Thumb Code     0  rt_memclr_w.o(.text)
    __aeabi_memclr8                          0x08000527   Thumb Code     0  rt_memclr_w.o(.text)
    __rt_memclr_w                            0x08000527   Thumb Code     0  rt_memclr_w.o(.text)
    _memset_w                                0x0800052b   Thumb Code    74  rt_memclr_w.o(.text)
    __use_two_region_memory                  0x08000575   Thumb Code     2  heapauxi.o(.text)
    __rt_heap_escrow$2region                 0x08000577   Thumb Code     2  heapauxi.o(.text)
    __rt_heap_expand$2region                 0x08000579   Thumb Code     2  heapauxi.o(.text)
    __read_errno                             0x0800057b   Thumb Code    10  _rserrno.o(.text)
    __set_errno                              0x08000585   Thumb Code    12  _rserrno.o(.text)
    __aeabi_memcpy4                          0x08000591   Thumb Code     0  rt_memcpy_w.o(.text)
    __aeabi_memcpy8                          0x08000591   Thumb Code     0  rt_memcpy_w.o(.text)
    __rt_memcpy_w                            0x08000591   Thumb Code   100  rt_memcpy_w.o(.text)
    _memcpy_lastbytes_aligned                0x080005d9   Thumb Code     0  rt_memcpy_w.o(.text)
    __aeabi_errno_addr                       0x080005f5   Thumb Code     8  rt_errno_addr_intlibspace.o(.text)
    __errno$intlibspace                      0x080005f5   Thumb Code     0  rt_errno_addr_intlibspace.o(.text)
    __rt_errno_addr$intlibspace              0x080005f5   Thumb Code     0  rt_errno_addr_intlibspace.o(.text)
    __user_libspace                          0x080005fd   Thumb Code     8  libspace.o(.text)
    __user_perproc_libspace                  0x080005fd   Thumb Code     0  libspace.o(.text)
    __user_perthread_libspace                0x080005fd   Thumb Code     0  libspace.o(.text)
    __user_setup_stackheap                   0x08000605   Thumb Code    74  sys_stackheap_outer.o(.text)
    exit                                     0x0800064f   Thumb Code    18  exit.o(.text)
    _sys_exit                                0x08000661   Thumb Code     8  sys_exit.o(.text)
    __I$use$semihosting                      0x0800066d   Thumb Code     0  use_no_semi.o(.text)
    __use_no_semihosting_swi                 0x0800066d   Thumb Code     2  use_no_semi.o(.text)
    __semihosting_library_function           0x0800066f   Thumb Code     0  indicate_semi.o(.text)
    BusFault_Handler                         0x08000671   Thumb Code     2  stm32h7xx_it.o(.text.BusFault_Handler)
    DebugMon_Handler                         0x08000679   Thumb Code     2  stm32h7xx_it.o(.text.DebugMon_Handler)
    Error_Handler                            0x08000681   Thumb Code    10  main.o(.text.Error_Handler)
    Fifo_Init                                0x08000691   Thumb Code   250  fifo.o(.text.Fifo_Init)
    HAL_DMA_Abort                            0x080009b1   Thumb Code  1326  stm32h7xx_hal_dma.o(.text.HAL_DMA_Abort)
    HAL_DMA_Abort_IT                         0x08000ee1   Thumb Code   698  stm32h7xx_hal_dma.o(.text.HAL_DMA_Abort_IT)
    HAL_Delay                                0x080011a1   Thumb Code    40  stm32h7xx_hal.o(.text.HAL_Delay)
    HAL_GPIO_Init                            0x080011c9   Thumb Code   426  stm32h7xx_hal_gpio.o(.text.HAL_GPIO_Init)
    HAL_GPIO_WritePin                        0x08001379   Thumb Code    10  stm32h7xx_hal_gpio.o(.text.HAL_GPIO_WritePin)
    HAL_GetTick                              0x08001389   Thumb Code    12  stm32h7xx_hal.o(.text.HAL_GetTick)
    HAL_IncTick                              0x08001399   Thumb Code    26  stm32h7xx_hal.o(.text.HAL_IncTick)
    HAL_Init                                 0x080013b9   Thumb Code   100  stm32h7xx_hal.o(.text.HAL_Init)
    HAL_InitTick                             0x08001421   Thumb Code    76  stm32h7xx_hal.o(.text.HAL_InitTick)
    HAL_MspInit                              0x08001471   Thumb Code    32  stm32h7xx_hal_msp.o(.text.HAL_MspInit)
    HAL_NVIC_EnableIRQ                       0x08001491   Thumb Code    34  stm32h7xx_hal_cortex.o(.text.HAL_NVIC_EnableIRQ)
    HAL_NVIC_SetPriority                     0x080014b9   Thumb Code    90  stm32h7xx_hal_cortex.o(.text.HAL_NVIC_SetPriority)
    HAL_NVIC_SetPriorityGrouping             0x08001519   Thumb Code    32  stm32h7xx_hal_cortex.o(.text.HAL_NVIC_SetPriorityGrouping)
    HAL_PWREx_ConfigSupply                   0x08001539   Thumb Code    76  stm32h7xx_hal_pwr_ex.o(.text.HAL_PWREx_ConfigSupply)
    HAL_RCCEx_GetD3PCLK1Freq                 0x08001589   Thumb Code    38  stm32h7xx_hal_rcc_ex.o(.text.HAL_RCCEx_GetD3PCLK1Freq)
    HAL_RCCEx_GetPLL2ClockFreq               0x080015b1   Thumb Code   300  stm32h7xx_hal_rcc_ex.o(.text.HAL_RCCEx_GetPLL2ClockFreq)
    HAL_RCCEx_GetPLL3ClockFreq               0x080016e1   Thumb Code   300  stm32h7xx_hal_rcc_ex.o(.text.HAL_RCCEx_GetPLL3ClockFreq)
    HAL_RCCEx_PeriphCLKConfig                0x08001811   Thumb Code  2728  stm32h7xx_hal_rcc_ex.o(.text.HAL_RCCEx_PeriphCLKConfig)
    HAL_RCC_ClockConfig                      0x080022b9   Thumb Code   616  stm32h7xx_hal_rcc.o(.text.HAL_RCC_ClockConfig)
    HAL_RCC_GetHCLKFreq                      0x08002521   Thumb Code    76  stm32h7xx_hal_rcc.o(.text.HAL_RCC_GetHCLKFreq)
    HAL_RCC_GetPCLK1Freq                     0x08002571   Thumb Code    96  stm32h7xx_hal_rcc.o(.text.HAL_RCC_GetPCLK1Freq)
    HAL_RCC_GetPCLK2Freq                     0x080025d1   Thumb Code    96  stm32h7xx_hal_rcc.o(.text.HAL_RCC_GetPCLK2Freq)
    HAL_RCC_GetSysClockFreq                  0x08002631   Thumb Code   280  stm32h7xx_hal_rcc.o(.text.HAL_RCC_GetSysClockFreq)
    HAL_RCC_OscConfig                        0x08002749   Thumb Code  1304  stm32h7xx_hal_rcc.o(.text.HAL_RCC_OscConfig)
    HAL_SYSTICK_Config                       0x08002c61   Thumb Code    46  stm32h7xx_hal_cortex.o(.text.HAL_SYSTICK_Config)
    HAL_TIMEx_ConfigBreakDeadTime            0x08002c91   Thumb Code   198  stm32h7xx_hal_tim_ex.o(.text.HAL_TIMEx_ConfigBreakDeadTime)
    HAL_TIMEx_MasterConfigSynchronization    0x08002d59   Thumb Code   218  stm32h7xx_hal_tim_ex.o(.text.HAL_TIMEx_MasterConfigSynchronization)
    HAL_TIM_Base_Init                        0x08002e39   Thumb Code    96  stm32h7xx_hal_tim.o(.text.HAL_TIM_Base_Init)
    HAL_TIM_Base_MspInit                     0x08002e99   Thumb Code   134  tim.o(.text.HAL_TIM_Base_MspInit)
    HAL_TIM_ConfigClockSource                0x08002f21   Thumb Code   508  stm32h7xx_hal_tim.o(.text.HAL_TIM_ConfigClockSource)
    HAL_TIM_Encoder_Init                     0x08003121   Thumb Code   184  stm32h7xx_hal_tim.o(.text.HAL_TIM_Encoder_Init)
    HAL_TIM_Encoder_MspInit                  0x080031d9   Thumb Code   314  tim.o(.text.HAL_TIM_Encoder_MspInit)
    HAL_TIM_Encoder_Start                    0x08003319   Thumb Code   188  stm32h7xx_hal_tim.o(.text.HAL_TIM_Encoder_Start)
    HAL_TIM_PWM_ConfigChannel                0x080033d9   Thumb Code  1214  stm32h7xx_hal_tim.o(.text.HAL_TIM_PWM_ConfigChannel)
    HAL_TIM_PWM_Init                         0x08003899   Thumb Code    96  stm32h7xx_hal_tim.o(.text.HAL_TIM_PWM_Init)
    HAL_TIM_PWM_MspInit                      0x080038f9   Thumb Code     2  stm32h7xx_hal_tim.o(.text.HAL_TIM_PWM_MspInit)
    HAL_TIM_PWM_Start                        0x08003901   Thumb Code   412  stm32h7xx_hal_tim.o(.text.HAL_TIM_PWM_Start)
    HAL_UARTEx_DisableFifoMode               0x08003aa1   Thumb Code    54  stm32h7xx_hal_uart_ex.o(.text.HAL_UARTEx_DisableFifoMode)
    HAL_UARTEx_RxEventCallback               0x08003ad9   Thumb Code     2  stm32h7xx_hal_uart.o(.text.HAL_UARTEx_RxEventCallback)
    HAL_UARTEx_RxFifoFullCallback            0x08003ae1   Thumb Code     2  stm32h7xx_hal_uart_ex.o(.text.HAL_UARTEx_RxFifoFullCallback)
    HAL_UARTEx_SetRxFifoThreshold            0x08003ae9   Thumb Code   144  stm32h7xx_hal_uart_ex.o(.text.HAL_UARTEx_SetRxFifoThreshold)
    HAL_UARTEx_SetTxFifoThreshold            0x08003b79   Thumb Code   144  stm32h7xx_hal_uart_ex.o(.text.HAL_UARTEx_SetTxFifoThreshold)
    HAL_UARTEx_TxFifoEmptyCallback           0x08003c09   Thumb Code     2  stm32h7xx_hal_uart_ex.o(.text.HAL_UARTEx_TxFifoEmptyCallback)
    HAL_UARTEx_WakeupCallback                0x08003c11   Thumb Code     2  stm32h7xx_hal_uart_ex.o(.text.HAL_UARTEx_WakeupCallback)
    HAL_UART_ErrorCallback                   0x08003c19   Thumb Code     2  stm32h7xx_hal_uart.o(.text.HAL_UART_ErrorCallback)
    HAL_UART_IRQHandler                      0x08003c21   Thumb Code  1898  stm32h7xx_hal_uart.o(.text.HAL_UART_IRQHandler)
    HAL_UART_Init                            0x08004391   Thumb Code   104  stm32h7xx_hal_uart.o(.text.HAL_UART_Init)
    HAL_UART_MspInit                         0x080043f9   Thumb Code   396  usart.o(.text.HAL_UART_MspInit)
    HAL_UART_Receive_IT                      0x08004589   Thumb Code   168  stm32h7xx_hal_uart.o(.text.HAL_UART_Receive_IT)
    HAL_UART_RxCpltCallback                  0x08004631   Thumb Code   444  comm.o(.text.HAL_UART_RxCpltCallback)
    HAL_UART_Transmit_IT                     0x080047f1   Thumb Code   298  stm32h7xx_hal_uart.o(.text.HAL_UART_Transmit_IT)
    HAL_UART_TxCpltCallback                  0x08004921   Thumb Code     2  stm32h7xx_hal_uart.o(.text.HAL_UART_TxCpltCallback)
    HardFault_Handler                        0x08004929   Thumb Code     2  stm32h7xx_it.o(.text.HardFault_Handler)
    MX_GPIO_Init                             0x08004931   Thumb Code   212  gpio.o(.text.MX_GPIO_Init)
    MX_TIM15_Init                            0x08004a09   Thumb Code   424  tim.o(.text.MX_TIM15_Init)
    MX_TIM1_Init                             0x08004bb1   Thumb Code   106  tim.o(.text.MX_TIM1_Init)
    MX_TIM2_Init                             0x08004c21   Thumb Code    96  tim.o(.text.MX_TIM2_Init)
    MX_TIM3_Init                             0x08004c81   Thumb Code   100  tim.o(.text.MX_TIM3_Init)
    MX_TIM4_Init                             0x08004ce9   Thumb Code   436  tim.o(.text.MX_TIM4_Init)
    MX_TIM5_Init                             0x08004ea1   Thumb Code   368  tim.o(.text.MX_TIM5_Init)
    MX_TIM8_Init                             0x08005011   Thumb Code   108  tim.o(.text.MX_TIM8_Init)
    MX_USART1_UART_Init                      0x08005081   Thumb Code   124  usart.o(.text.MX_USART1_UART_Init)
    MX_USART2_UART_Init                      0x08005101   Thumb Code   124  usart.o(.text.MX_USART2_UART_Init)
    MX_USART3_UART_Init                      0x08005181   Thumb Code   124  usart.o(.text.MX_USART3_UART_Init)
    MemManage_Handler                        0x08005201   Thumb Code     2  stm32h7xx_it.o(.text.MemManage_Handler)
    NMI_Handler                              0x08005209   Thumb Code     2  stm32h7xx_it.o(.text.NMI_Handler)
    PendSV_Handler                           0x08005211   Thumb Code     2  stm32h7xx_it.o(.text.PendSV_Handler)
    SVC_Handler                              0x08005469   Thumb Code     2  stm32h7xx_it.o(.text.SVC_Handler)
    SysTick_Handler                          0x08005471   Thumb Code     4  stm32h7xx_it.o(.text.SysTick_Handler)
    SystemClock_Config                       0x08005479   Thumb Code   204  main.o(.text.SystemClock_Config)
    SystemInit                               0x08005549   Thumb Code   176  system_stm32h7xx.o(.text.SystemInit)
    TIM_Base_SetConfig                       0x080055f9   Thumb Code   376  stm32h7xx_hal_tim.o(.text.TIM_Base_SetConfig)
    UART_AdvFeatureConfig                    0x08005771   Thumb Code   224  stm32h7xx_hal_uart.o(.text.UART_AdvFeatureConfig)
    UART_CheckIdleState                      0x08005851   Thumb Code   374  stm32h7xx_hal_uart.o(.text.UART_CheckIdleState)
    UART_SetConfig                           0x080063e1   Thumb Code  1228  stm32h7xx_hal_uart.o(.text.UART_SetConfig)
    UART_Start_Receive_IT                    0x080068b9   Thumb Code   628  stm32h7xx_hal_uart.o(.text.UART_Start_Receive_IT)
    UART_WaitOnFlagUntilTimeout              0x08006ea9   Thumb Code   856  stm32h7xx_hal_uart.o(.text.UART_WaitOnFlagUntilTimeout)
    USART1_IRQHandler                        0x08007201   Thumb Code    12  stm32h7xx_it.o(.text.USART1_IRQHandler)
    USART2_IRQHandler                        0x08007211   Thumb Code    12  stm32h7xx_it.o(.text.USART2_IRQHandler)
    USART3_IRQHandler                        0x08007221   Thumb Code    12  stm32h7xx_it.o(.text.USART3_IRQHandler)
    UartInit                                 0x08007231   Thumb Code   166  comm.o(.text.UartInit)
    UsageFault_Handler                       0x080072d9   Thumb Code     2  stm32h7xx_it.o(.text.UsageFault_Handler)
    angle_correct_rad                        0x080072e1   Thumb Code    88  coordinate2d.o(.text.angle_correct_rad)
    base2world                               0x08007339   Thumb Code   252  coordinate2d.o(.text.base2world)
    base_sys_set_by_vector                   0x08007439   Thumb Code    98  coordinate2d.o(.text.base_sys_set_by_vector)
    main                                     0x080074a1   Thumb Code    62  main.o(.text.main)
    mecanum_forward_kinematics               0x080074e1   Thumb Code   144  mecanum.o(.text.mecanum_forward_kinematics)
    mecanum_inverse_kinematics               0x08007571   Thumb Code    92  mecanum.o(.text.mecanum_inverse_kinematics)
    motor_cb                                 0x080075d1   Thumb Code   428  tasks.o(.text.motor_cb)
    motor_init                               0x08007781   Thumb Code   112  actuator.o(.text.motor_init)
    motor_output                             0x080077f1   Thumb Code   280  actuator.o(.text.motor_output)
    motor_set_state                          0x08007909   Thumb Code    26  actuator.o(.text.motor_set_state)
    motor_update                             0x08007929   Thumb Code   260  actuator.o(.text.motor_update)
    nav_cb                                   0x08007a31   Thumb Code   274  tasks.o(.text.nav_cb)
    pid_init                                 0x08007b49   Thumb Code    64  pid.o(.text.pid_init)
    pid_refresh                              0x08007b89   Thumb Code   260  pid.o(.text.pid_refresh)
    pid_reset                                0x08007c91   Thumb Code    44  pid.o(.text.pid_reset)
    read_pid_info                            0x08007cc1   Thumb Code   282  comm.o(.text.read_pid_info)
    servo_180_init                           0x08007de1   Thumb Code    12  actuator.o(.text.servo_180_init)
    servo_180_set_angle                      0x08007df1   Thumb Code   156  actuator.o(.text.servo_180_set_angle)
    tasks_init                               0x08007e91   Thumb Code   644  tasks.o(.text.tasks_init)
    tasks_run                                0x08008119   Thumb Code    30  tasks.o(.text.tasks_run)
    time_slice_init                          0x08008139   Thumb Code    22  time_slice.o(.text.time_slice_init)
    time_slice_run                           0x08008151   Thumb Code    36  time_slice.o(.text.time_slice_run)
    uart2_solve                              0x08008179   Thumb Code   536  comm.o(.text.uart2_solve)
    ultrasonic_init                          0x08008391   Thumb Code    96  ultrasonic.o(.text.ultrasonic_init)
    vector2matrix                            0x080083f1   Thumb Code    82  coordinate2d.o(.text.vector2matrix)
    world2base                               0x08008449   Thumb Code   260  coordinate2d.o(.text.world2base)
    write_ultrasonic_info                    0x08008551   Thumb Code   280  comm.o(.text.write_ultrasonic_info)
    __ARM_fpclassify                         0x08008669   Thumb Code    48  fpclassify.o(i.__ARM_fpclassify)
    __ARM_fpclassifyf                        0x08008699   Thumb Code    38  fpclassifyf.o(i.__ARM_fpclassifyf)
    __hardfp_cos                             0x080086c1   Thumb Code   158  cos.o(i.__hardfp_cos)
    __hardfp_cosf                            0x08008771   Thumb Code   280  cosf.o(i.__hardfp_cosf)
    __hardfp_fmodf                           0x080088c1   Thumb Code   176  fmodf.o(i.__hardfp_fmodf)
    __hardfp_sin                             0x08008971   Thumb Code   158  sin.o(i.__hardfp_sin)
    __hardfp_sinf                            0x08008a21   Thumb Code   344  sinf.o(i.__hardfp_sinf)
    __ieee754_rem_pio2                       0x08008bb1   Thumb Code   646  rred.o(i.__ieee754_rem_pio2)
    __kernel_cos                             0x08008eb9   Thumb Code   182  cos_i.o(i.__kernel_cos)
    __kernel_poly                            0x08008f7d   Thumb Code   112  poly.o(i.__kernel_poly)
    __kernel_sin                             0x08008ff1   Thumb Code   144  sin_i.o(i.__kernel_sin)
    __mathlib_dbl_invalid                    0x08009091   Thumb Code    10  dunder.o(i.__mathlib_dbl_invalid)
    __mathlib_dbl_underflow                  0x080090a9   Thumb Code    10  dunder.o(i.__mathlib_dbl_underflow)
    __mathlib_flt_infnan                     0x080090c1   Thumb Code     6  funder.o(i.__mathlib_flt_infnan)
    __mathlib_flt_invalid                    0x080090c9   Thumb Code    10  funder.o(i.__mathlib_flt_invalid)
    __mathlib_flt_underflow                  0x080090d9   Thumb Code    10  funder.o(i.__mathlib_flt_underflow)
    __mathlib_rredf2                         0x080090e9   Thumb Code   316  rredf.o(i.__mathlib_rredf2)
    fabs                                     0x0800923d   Thumb Code    24  fabs.o(i.fabs)
    __fpl_fnaninf                            0x08009255   Thumb Code   140  fnaninf.o(x$fpl$fnaninf)
    _fp_init                                 0x080092e1   Thumb Code    26  fpinit.o(x$fpl$fpinit)
    __fplib_config_fpu_vfp                   0x080092f9   Thumb Code     0  fpinit.o(x$fpl$fpinit)
    __fplib_config_pureend_doubles           0x080092f9   Thumb Code     0  fpinit.o(x$fpl$fpinit)
    _frem                                    0x080092fd   Thumb Code   240  frem_clz.o(x$fpl$frem)
    __I$use$fp                               0x080093f0   Number         0  usenofp.o(x$fpl$usenofp)
    D1CorePrescTable                         0x08009544   Data          16  system_stm32h7xx.o(.rodata.D1CorePrescTable)
    UARTPrescTable                           0x08009554   Data          24  stm32h7xx_hal_uart.o(.rodata.UARTPrescTable)
    Region$$Table$$Base                      0x0800957c   Number         0  anon$$obj.o(Region$$Table)
    Region$$Table$$Limit                     0x0800959c   Number         0  anon$$obj.o(Region$$Table)
    uwTickFreq                               0x24000000   Data           1  stm32h7xx_hal.o(.data..L_MergedGlobals)
    uwTickPrio                               0x24000004   Data           4  stm32h7xx_hal.o(.data..L_MergedGlobals)
    SystemCoreClock                          0x24000008   Data           4  system_stm32h7xx.o(.data..L_MergedGlobals)
    SystemD2Clock                            0x2400000c   Data           4  system_stm32h7xx.o(.data..L_MergedGlobals)
    __libspace_start                         0x24000010   Data          96  libspace.o(.bss)
    __temporary_stack_top$libspace           0x24000070   Data           0  libspace.o(.bss)
    uart3_ptr                                0x24000070   Data           1  comm.o(.bss..L_MergedGlobals)
    uart3_cnt                                0x24000071   Data           1  comm.o(.bss..L_MergedGlobals)
    uart3_flag                               0x24000072   Data           1  comm.o(.bss..L_MergedGlobals)
    uart3_buffer                             0x24000073   Data          64  comm.o(.bss..L_MergedGlobals)
    control_state                            0x240000b4   Data           1  tasks.o(.bss..L_MergedGlobals)
    motor_state                              0x240000b5   Data           1  tasks.o(.bss..L_MergedGlobals)
    servo_cam                                0x240000c8   Data           8  tasks.o(.bss..L_MergedGlobals)
    motor_task                               0x240000d0   Data          10  tasks.o(.bss..L_MergedGlobals)
    nav_task                                 0x240000da   Data          10  tasks.o(.bss..L_MergedGlobals)
    control_value                            0x240000e4   Data          12  tasks.o(.bss..L_MergedGlobals)
    ultrasonic_sys                           0x240000f0   Data          24  tasks.o(.bss..L_MergedGlobals)
    mecanum_ctrl                             0x24000108   Data          28  tasks.o(.bss..L_MergedGlobals)
    mecanum_pos                              0x24000124   Data          28  tasks.o(.bss..L_MergedGlobals.1)
    mecanum_vel                              0x24000140   Data          28  tasks.o(.bss..L_MergedGlobals.1)
    rover_pos                                0x2400015c   Data          48  tasks.o(.bss..L_MergedGlobals.1)
    htim1                                    0x2400018c   Data          76  tim.o(.bss.htim1)
    htim15                                   0x240001d8   Data          76  tim.o(.bss.htim15)
    htim2                                    0x24000224   Data          76  tim.o(.bss.htim2)
    htim3                                    0x24000270   Data          76  tim.o(.bss.htim3)
    htim4                                    0x240002bc   Data          76  tim.o(.bss.htim4)
    htim5                                    0x24000308   Data          76  tim.o(.bss.htim5)
    htim8                                    0x24000354   Data          76  tim.o(.bss.htim8)
    huart1                                   0x240003a0   Data         148  usart.o(.bss.huart1)
    huart2                                   0x24000434   Data         148  usart.o(.bss.huart2)
    huart3                                   0x240004c8   Data         148  usart.o(.bss.huart3)
    motor                                    0x2400055c   Data         584  tasks.o(.bss.motor)
    pos_pid                                  0x240007a4   Data         192  tasks.o(.bss.pos_pid)
    rover_vel                                0x24000864   Data          48  tasks.o(.bss.rover_vel)
    tx_buffer                                0x24000894   Data          64  comm.o(.bss.tx_buffer)
    uart1_fifo                               0x240008d4   Data         308  comm.o(.bss.uart1_fifo)
    uart2_fifo                               0x24000a08   Data         308  comm.o(.bss.uart2_fifo)
    uwTick                                   0x24000b3c   Data           4  stm32h7xx_hal.o(.bss.uwTick)
    vel_pid                                  0x24000b40   Data         192  tasks.o(.bss.vel_pid)



==============================================================================

Memory Map of the image

  Image Entry point : 0x080002cd

  Load Region LR_IROM1 (Base: 0x08000000, Size: 0x000095b0, Max: 0x00100000, ABSOLUTE)

    Execution Region ER_IROM1 (Exec base: 0x08000000, Load base: 0x08000000, Size: 0x0000959c, Max: 0x00100000, ABSOLUTE)

    Exec Addr    Load Addr    Size         Type   Attr      Idx    E Section Name        Object

    0x08000000   0x08000000   0x000002cc   Data   RO            3    RESET               startup_stm32h723xx.o
    0x080002cc   0x080002cc   0x00000008   Code   RO         1695  * !!!main             c_w.l(__main.o)
    0x080002d4   0x080002d4   0x00000034   Code   RO         1974    !!!scatter          c_w.l(__scatter.o)
    0x08000308   0x08000308   0x0000001a   Code   RO         1976    !!handler_copy      c_w.l(__scatter_copy.o)
    0x08000322   0x08000322   0x00000002   PAD
    0x08000324   0x08000324   0x0000001c   Code   RO         1978    !!handler_zi        c_w.l(__scatter_zi.o)
    0x08000340   0x08000340   0x00000002   Code   RO         1839    .ARM.Collect$$libinit$$00000000  c_w.l(libinit.o)
    0x08000342   0x08000342   0x00000004   Code   RO         1848    .ARM.Collect$$libinit$$00000001  c_w.l(libinit2.o)
    0x08000346   0x08000346   0x00000000   Code   RO         1851    .ARM.Collect$$libinit$$00000004  c_w.l(libinit2.o)
    0x08000346   0x08000346   0x00000000   Code   RO         1853    .ARM.Collect$$libinit$$00000006  c_w.l(libinit2.o)
    0x08000346   0x08000346   0x00000000   Code   RO         1856    .ARM.Collect$$libinit$$0000000C  c_w.l(libinit2.o)
    0x08000346   0x08000346   0x00000000   Code   RO         1858    .ARM.Collect$$libinit$$0000000E  c_w.l(libinit2.o)
    0x08000346   0x08000346   0x00000000   Code   RO         1860    .ARM.Collect$$libinit$$00000010  c_w.l(libinit2.o)
    0x08000346   0x08000346   0x00000000   Code   RO         1863    .ARM.Collect$$libinit$$00000013  c_w.l(libinit2.o)
    0x08000346   0x08000346   0x00000000   Code   RO         1865    .ARM.Collect$$libinit$$00000015  c_w.l(libinit2.o)
    0x08000346   0x08000346   0x00000000   Code   RO         1867    .ARM.Collect$$libinit$$00000017  c_w.l(libinit2.o)
    0x08000346   0x08000346   0x00000000   Code   RO         1869    .ARM.Collect$$libinit$$00000019  c_w.l(libinit2.o)
    0x08000346   0x08000346   0x00000000   Code   RO         1871    .ARM.Collect$$libinit$$0000001B  c_w.l(libinit2.o)
    0x08000346   0x08000346   0x00000000   Code   RO         1873    .ARM.Collect$$libinit$$0000001D  c_w.l(libinit2.o)
    0x08000346   0x08000346   0x00000000   Code   RO         1875    .ARM.Collect$$libinit$$0000001F  c_w.l(libinit2.o)
    0x08000346   0x08000346   0x00000000   Code   RO         1877    .ARM.Collect$$libinit$$00000021  c_w.l(libinit2.o)
    0x08000346   0x08000346   0x00000000   Code   RO         1879    .ARM.Collect$$libinit$$00000023  c_w.l(libinit2.o)
    0x08000346   0x08000346   0x00000000   Code   RO         1881    .ARM.Collect$$libinit$$00000025  c_w.l(libinit2.o)
    0x08000346   0x08000346   0x00000000   Code   RO         1883    .ARM.Collect$$libinit$$00000027  c_w.l(libinit2.o)
    0x08000346   0x08000346   0x00000000   Code   RO         1887    .ARM.Collect$$libinit$$0000002E  c_w.l(libinit2.o)
    0x08000346   0x08000346   0x00000000   Code   RO         1889    .ARM.Collect$$libinit$$00000030  c_w.l(libinit2.o)
    0x08000346   0x08000346   0x00000000   Code   RO         1891    .ARM.Collect$$libinit$$00000032  c_w.l(libinit2.o)
    0x08000346   0x08000346   0x00000000   Code   RO         1893    .ARM.Collect$$libinit$$00000034  c_w.l(libinit2.o)
    0x08000346   0x08000346   0x00000002   Code   RO         1894    .ARM.Collect$$libinit$$00000035  c_w.l(libinit2.o)
    0x08000348   0x08000348   0x00000002   Code   RO         1929    .ARM.Collect$$libshutdown$$00000000  c_w.l(libshutdown.o)
    0x0800034a   0x0800034a   0x00000000   Code   RO         1957    .ARM.Collect$$libshutdown$$00000002  c_w.l(libshutdown2.o)
    0x0800034a   0x0800034a   0x00000000   Code   RO         1959    .ARM.Collect$$libshutdown$$00000004  c_w.l(libshutdown2.o)
    0x0800034a   0x0800034a   0x00000000   Code   RO         1962    .ARM.Collect$$libshutdown$$00000007  c_w.l(libshutdown2.o)
    0x0800034a   0x0800034a   0x00000000   Code   RO         1965    .ARM.Collect$$libshutdown$$0000000A  c_w.l(libshutdown2.o)
    0x0800034a   0x0800034a   0x00000000   Code   RO         1967    .ARM.Collect$$libshutdown$$0000000C  c_w.l(libshutdown2.o)
    0x0800034a   0x0800034a   0x00000000   Code   RO         1970    .ARM.Collect$$libshutdown$$0000000F  c_w.l(libshutdown2.o)
    0x0800034a   0x0800034a   0x00000002   Code   RO         1971    .ARM.Collect$$libshutdown$$00000010  c_w.l(libshutdown2.o)
    0x0800034c   0x0800034c   0x00000000   Code   RO         1733    .ARM.Collect$$rtentry$$00000000  c_w.l(__rtentry.o)
    0x0800034c   0x0800034c   0x00000000   Code   RO         1790    .ARM.Collect$$rtentry$$00000002  c_w.l(__rtentry2.o)
    0x0800034c   0x0800034c   0x00000006   Code   RO         1802    .ARM.Collect$$rtentry$$00000004  c_w.l(__rtentry4.o)
    0x08000352   0x08000352   0x00000000   Code   RO         1792    .ARM.Collect$$rtentry$$00000009  c_w.l(__rtentry2.o)
    0x08000352   0x08000352   0x00000004   Code   RO         1793    .ARM.Collect$$rtentry$$0000000A  c_w.l(__rtentry2.o)
    0x08000356   0x08000356   0x00000000   Code   RO         1795    .ARM.Collect$$rtentry$$0000000C  c_w.l(__rtentry2.o)
    0x08000356   0x08000356   0x00000008   Code   RO         1796    .ARM.Collect$$rtentry$$0000000D  c_w.l(__rtentry2.o)
    0x0800035e   0x0800035e   0x00000002   Code   RO         1840    .ARM.Collect$$rtexit$$00000000  c_w.l(rtexit.o)
    0x08000360   0x08000360   0x00000000   Code   RO         1900    .ARM.Collect$$rtexit$$00000002  c_w.l(rtexit2.o)
    0x08000360   0x08000360   0x00000004   Code   RO         1901    .ARM.Collect$$rtexit$$00000003  c_w.l(rtexit2.o)
    0x08000364   0x08000364   0x00000006   Code   RO         1902    .ARM.Collect$$rtexit$$00000004  c_w.l(rtexit2.o)
    0x0800036a   0x0800036a   0x00000002   PAD
    0x0800036c   0x0800036c   0x00000040   Code   RO            4    .text               startup_stm32h723xx.o
    0x080003ac   0x080003ac   0x000000f0   Code   RO         1687    .text               c_w.l(lludivv7m.o)
    0x0800049c   0x0800049c   0x0000008a   Code   RO         1689    .text               c_w.l(rt_memcpy_v6.o)
    0x08000526   0x08000526   0x0000004e   Code   RO         1691    .text               c_w.l(rt_memclr_w.o)
    0x08000574   0x08000574   0x00000006   Code   RO         1693    .text               c_w.l(heapauxi.o)
    0x0800057a   0x0800057a   0x00000016   Code   RO         1738    .text               c_w.l(_rserrno.o)
    0x08000590   0x08000590   0x00000064   Code   RO         1740    .text               c_w.l(rt_memcpy_w.o)
    0x080005f4   0x080005f4   0x00000008   Code   RO         1809    .text               c_w.l(rt_errno_addr_intlibspace.o)
    0x080005fc   0x080005fc   0x00000008   Code   RO         1823    .text               c_w.l(libspace.o)
    0x08000604   0x08000604   0x0000004a   Code   RO         1826    .text               c_w.l(sys_stackheap_outer.o)
    0x0800064e   0x0800064e   0x00000012   Code   RO         1828    .text               c_w.l(exit.o)
    0x08000660   0x08000660   0x0000000c   Code   RO         1895    .text               c_w.l(sys_exit.o)
    0x0800066c   0x0800066c   0x00000002   Code   RO         1918    .text               c_w.l(use_no_semi.o)
    0x0800066e   0x0800066e   0x00000000   Code   RO         1920    .text               c_w.l(indicate_semi.o)
    0x0800066e   0x0800066e   0x00000002   PAD
    0x08000670   0x08000670   0x00000002   Code   RO          100    .text.BusFault_Handler  stm32h7xx_it.o
    0x08000672   0x08000672   0x00000006   PAD
    0x08000678   0x08000678   0x00000002   Code   RO          106    .text.DebugMon_Handler  stm32h7xx_it.o
    0x0800067a   0x0800067a   0x00000006   PAD
    0x08000680   0x08000680   0x0000000a   Code   RO           15    .text.Error_Handler  main.o
    0x0800068a   0x0800068a   0x00000006   PAD
    0x08000690   0x08000690   0x000000fa   Code   RO         1591    .text.Fifo_Init     fifo.o
    0x0800078a   0x0800078a   0x00000006   PAD
    0x08000790   0x08000790   0x0000021e   Code   RO         1487    .text.Fifo_RefreshExternal  comm.o
    0x080009ae   0x080009ae   0x00000002   PAD
    0x080009b0   0x080009b0   0x0000052e   Code   RO          412    .text.HAL_DMA_Abort  stm32h7xx_hal_dma.o
    0x08000ede   0x08000ede   0x00000002   PAD
    0x08000ee0   0x08000ee0   0x000002ba   Code   RO          414    .text.HAL_DMA_Abort_IT  stm32h7xx_hal_dma.o
    0x0800119a   0x0800119a   0x00000006   PAD
    0x080011a0   0x080011a0   0x00000028   Code   RO          654    .text.HAL_Delay     stm32h7xx_hal.o
    0x080011c8   0x080011c8   0x000001aa   Code   RO          346    .text.HAL_GPIO_Init  stm32h7xx_hal_gpio.o
    0x08001372   0x08001372   0x00000006   PAD
    0x08001378   0x08001378   0x0000000a   Code   RO          352    .text.HAL_GPIO_WritePin  stm32h7xx_hal_gpio.o
    0x08001382   0x08001382   0x00000006   PAD
    0x08001388   0x08001388   0x0000000c   Code   RO          646    .text.HAL_GetTick   stm32h7xx_hal.o
    0x08001394   0x08001394   0x00000004   PAD
    0x08001398   0x08001398   0x0000001a   Code   RO          644    .text.HAL_IncTick   stm32h7xx_hal.o
    0x080013b2   0x080013b2   0x00000006   PAD
    0x080013b8   0x080013b8   0x00000064   Code   RO          634    .text.HAL_Init      stm32h7xx_hal.o
    0x0800141c   0x0800141c   0x00000004   PAD
    0x08001420   0x08001420   0x0000004c   Code   RO          636    .text.HAL_InitTick  stm32h7xx_hal.o
    0x0800146c   0x0800146c   0x00000004   PAD
    0x08001470   0x08001470   0x00000020   Code   RO          125    .text.HAL_MspInit   stm32h7xx_hal_msp.o
    0x08001490   0x08001490   0x00000022   Code   RO          137    .text.HAL_NVIC_EnableIRQ  stm32h7xx_hal_cortex.o
    0x080014b2   0x080014b2   0x00000006   PAD
    0x080014b8   0x080014b8   0x0000005a   Code   RO          135    .text.HAL_NVIC_SetPriority  stm32h7xx_hal_cortex.o
    0x08001512   0x08001512   0x00000006   PAD
    0x08001518   0x08001518   0x00000020   Code   RO          133    .text.HAL_NVIC_SetPriorityGrouping  stm32h7xx_hal_cortex.o
    0x08001538   0x08001538   0x0000004c   Code   RO          550    .text.HAL_PWREx_ConfigSupply  stm32h7xx_hal_pwr_ex.o
    0x08001584   0x08001584   0x00000004   PAD
    0x08001588   0x08001588   0x00000026   Code   RO          237    .text.HAL_RCCEx_GetD3PCLK1Freq  stm32h7xx_hal_rcc_ex.o
    0x080015ae   0x080015ae   0x00000002   PAD
    0x080015b0   0x080015b0   0x0000012c   Code   RO          233    .text.HAL_RCCEx_GetPLL2ClockFreq  stm32h7xx_hal_rcc_ex.o
    0x080016dc   0x080016dc   0x00000004   PAD
    0x080016e0   0x080016e0   0x0000012c   Code   RO          235    .text.HAL_RCCEx_GetPLL3ClockFreq  stm32h7xx_hal_rcc_ex.o
    0x0800180c   0x0800180c   0x00000004   PAD
    0x08001810   0x08001810   0x00000aa8   Code   RO          221    .text.HAL_RCCEx_PeriphCLKConfig  stm32h7xx_hal_rcc_ex.o
    0x080022b8   0x080022b8   0x00000268   Code   RO          189    .text.HAL_RCC_ClockConfig  stm32h7xx_hal_rcc.o
    0x08002520   0x08002520   0x0000004c   Code   RO          199    .text.HAL_RCC_GetHCLKFreq  stm32h7xx_hal_rcc.o
    0x0800256c   0x0800256c   0x00000004   PAD
    0x08002570   0x08002570   0x00000060   Code   RO          201    .text.HAL_RCC_GetPCLK1Freq  stm32h7xx_hal_rcc.o
    0x080025d0   0x080025d0   0x00000060   Code   RO          203    .text.HAL_RCC_GetPCLK2Freq  stm32h7xx_hal_rcc.o
    0x08002630   0x08002630   0x00000118   Code   RO          191    .text.HAL_RCC_GetSysClockFreq  stm32h7xx_hal_rcc.o
    0x08002748   0x08002748   0x00000518   Code   RO          187    .text.HAL_RCC_OscConfig  stm32h7xx_hal_rcc.o
    0x08002c60   0x08002c60   0x0000002e   Code   RO          145    .text.HAL_SYSTICK_Config  stm32h7xx_hal_cortex.o
    0x08002c8e   0x08002c8e   0x00000002   PAD
    0x08002c90   0x08002c90   0x000000c6   Code   RO         1249    .text.HAL_TIMEx_ConfigBreakDeadTime  stm32h7xx_hal_tim_ex.o
    0x08002d56   0x08002d56   0x00000002   PAD
    0x08002d58   0x08002d58   0x000000da   Code   RO         1247    .text.HAL_TIMEx_MasterConfigSynchronization  stm32h7xx_hal_tim_ex.o
    0x08002e32   0x08002e32   0x00000006   PAD
    0x08002e38   0x08002e38   0x00000060   Code   RO          952    .text.HAL_TIM_Base_Init  stm32h7xx_hal_tim.o
    0x08002e98   0x08002e98   0x00000086   Code   RO           52    .text.HAL_TIM_Base_MspInit  tim.o
    0x08002f1e   0x08002f1e   0x00000002   PAD
    0x08002f20   0x08002f20   0x000001fc   Code   RO         1132    .text.HAL_TIM_ConfigClockSource  stm32h7xx_hal_tim.o
    0x0800311c   0x0800311c   0x00000004   PAD
    0x08003120   0x08003120   0x000000b8   Code   RO         1066    .text.HAL_TIM_Encoder_Init  stm32h7xx_hal_tim.o
    0x080031d8   0x080031d8   0x0000013a   Code   RO           50    .text.HAL_TIM_Encoder_MspInit  tim.o
    0x08003312   0x08003312   0x00000006   PAD
    0x08003318   0x08003318   0x000000bc   Code   RO         1074    .text.HAL_TIM_Encoder_Start  stm32h7xx_hal_tim.o
    0x080033d4   0x080033d4   0x00000004   PAD
    0x080033d8   0x080033d8   0x000004be   Code   RO         1106    .text.HAL_TIM_PWM_ConfigChannel  stm32h7xx_hal_tim.o
    0x08003896   0x08003896   0x00000002   PAD
    0x08003898   0x08003898   0x00000060   Code   RO         1006    .text.HAL_TIM_PWM_Init  stm32h7xx_hal_tim.o
    0x080038f8   0x080038f8   0x00000002   Code   RO         1008    .text.HAL_TIM_PWM_MspInit  stm32h7xx_hal_tim.o
    0x080038fa   0x080038fa   0x00000006   PAD
    0x08003900   0x08003900   0x0000019c   Code   RO         1014    .text.HAL_TIM_PWM_Start  stm32h7xx_hal_tim.o
    0x08003a9c   0x08003a9c   0x00000004   PAD
    0x08003aa0   0x08003aa0   0x00000036   Code   RO         1446    .text.HAL_UARTEx_DisableFifoMode  stm32h7xx_hal_uart_ex.o
    0x08003ad6   0x08003ad6   0x00000002   PAD
    0x08003ad8   0x08003ad8   0x00000002   Code   RO         1373    .text.HAL_UARTEx_RxEventCallback  stm32h7xx_hal_uart.o
    0x08003ada   0x08003ada   0x00000006   PAD
    0x08003ae0   0x08003ae0   0x00000002   Code   RO         1432    .text.HAL_UARTEx_RxFifoFullCallback  stm32h7xx_hal_uart_ex.o
    0x08003ae2   0x08003ae2   0x00000006   PAD
    0x08003ae8   0x08003ae8   0x00000090   Code   RO         1450    .text.HAL_UARTEx_SetRxFifoThreshold  stm32h7xx_hal_uart_ex.o
    0x08003b78   0x08003b78   0x00000090   Code   RO         1448    .text.HAL_UARTEx_SetTxFifoThreshold  stm32h7xx_hal_uart_ex.o
    0x08003c08   0x08003c08   0x00000002   Code   RO         1434    .text.HAL_UARTEx_TxFifoEmptyCallback  stm32h7xx_hal_uart_ex.o
    0x08003c0a   0x08003c0a   0x00000006   PAD
    0x08003c10   0x08003c10   0x00000002   Code   RO         1430    .text.HAL_UARTEx_WakeupCallback  stm32h7xx_hal_uart_ex.o
    0x08003c12   0x08003c12   0x00000006   PAD
    0x08003c18   0x08003c18   0x00000002   Code   RO         1371    .text.HAL_UART_ErrorCallback  stm32h7xx_hal_uart.o
    0x08003c1a   0x08003c1a   0x00000006   PAD
    0x08003c20   0x08003c20   0x0000076a   Code   RO         1367    .text.HAL_UART_IRQHandler  stm32h7xx_hal_uart.o
    0x0800438a   0x0800438a   0x00000006   PAD
    0x08004390   0x08004390   0x00000068   Code   RO         1283    .text.HAL_UART_Init  stm32h7xx_hal_uart.o
    0x080043f8   0x080043f8   0x0000018c   Code   RO           79    .text.HAL_UART_MspInit  usart.o
    0x08004584   0x08004584   0x00000004   PAD
    0x08004588   0x08004588   0x000000a8   Code   RO         1319    .text.HAL_UART_Receive_IT  stm32h7xx_hal_uart.o
    0x08004630   0x08004630   0x000001bc   Code   RO         1485    .text.HAL_UART_RxCpltCallback  comm.o
    0x080047ec   0x080047ec   0x00000004   PAD
    0x080047f0   0x080047f0   0x0000012a   Code   RO         1309    .text.HAL_UART_Transmit_IT  stm32h7xx_hal_uart.o
    0x0800491a   0x0800491a   0x00000006   PAD
    0x08004920   0x08004920   0x00000002   Code   RO         1375    .text.HAL_UART_TxCpltCallback  stm32h7xx_hal_uart.o
    0x08004922   0x08004922   0x00000006   PAD
    0x08004928   0x08004928   0x00000002   Code   RO           96    .text.HardFault_Handler  stm32h7xx_it.o
    0x0800492a   0x0800492a   0x00000006   PAD
    0x08004930   0x08004930   0x000000d4   Code   RO           25    .text.MX_GPIO_Init  gpio.o
    0x08004a04   0x08004a04   0x00000004   PAD
    0x08004a08   0x08004a08   0x000001a8   Code   RO           48    .text.MX_TIM15_Init  tim.o
    0x08004bb0   0x08004bb0   0x0000006a   Code   RO           34    .text.MX_TIM1_Init  tim.o
    0x08004c1a   0x08004c1a   0x00000006   PAD
    0x08004c20   0x08004c20   0x00000060   Code   RO           36    .text.MX_TIM2_Init  tim.o
    0x08004c80   0x08004c80   0x00000064   Code   RO           38    .text.MX_TIM3_Init  tim.o
    0x08004ce4   0x08004ce4   0x00000004   PAD
    0x08004ce8   0x08004ce8   0x000001b4   Code   RO           40    .text.MX_TIM4_Init  tim.o
    0x08004e9c   0x08004e9c   0x00000004   PAD
    0x08004ea0   0x08004ea0   0x00000170   Code   RO           44    .text.MX_TIM5_Init  tim.o
    0x08005010   0x08005010   0x0000006c   Code   RO           46    .text.MX_TIM8_Init  tim.o
    0x0800507c   0x0800507c   0x00000004   PAD
    0x08005080   0x08005080   0x0000007c   Code   RO           73    .text.MX_USART1_UART_Init  usart.o
    0x080050fc   0x080050fc   0x00000004   PAD
    0x08005100   0x08005100   0x0000007c   Code   RO           75    .text.MX_USART2_UART_Init  usart.o
    0x0800517c   0x0800517c   0x00000004   PAD
    0x08005180   0x08005180   0x0000007c   Code   RO           77    .text.MX_USART3_UART_Init  usart.o
    0x080051fc   0x080051fc   0x00000004   PAD
    0x08005200   0x08005200   0x00000002   Code   RO           98    .text.MemManage_Handler  stm32h7xx_it.o
    0x08005202   0x08005202   0x00000006   PAD
    0x08005208   0x08005208   0x00000002   Code   RO           94    .text.NMI_Handler   stm32h7xx_it.o
    0x0800520a   0x0800520a   0x00000006   PAD
    0x08005210   0x08005210   0x00000002   Code   RO          108    .text.PendSV_Handler  stm32h7xx_it.o
    0x08005212   0x08005212   0x00000006   PAD
    0x08005218   0x08005218   0x00000122   Code   RO          223    .text.RCCEx_PLL2_Config  stm32h7xx_hal_rcc_ex.o
    0x0800533a   0x0800533a   0x00000006   PAD
    0x08005340   0x08005340   0x00000122   Code   RO          225    .text.RCCEx_PLL3_Config  stm32h7xx_hal_rcc_ex.o
    0x08005462   0x08005462   0x00000006   PAD
    0x08005468   0x08005468   0x00000002   Code   RO          104    .text.SVC_Handler   stm32h7xx_it.o
    0x0800546a   0x0800546a   0x00000006   PAD
    0x08005470   0x08005470   0x00000004   Code   RO          110    .text.SysTick_Handler  stm32h7xx_it.o
    0x08005474   0x08005474   0x00000004   PAD
    0x08005478   0x08005478   0x000000cc   Code   RO           13    .text.SystemClock_Config  main.o
    0x08005544   0x08005544   0x00000004   PAD
    0x08005548   0x08005548   0x000000b0   Code   RO         1469    .text.SystemInit    system_stm32h7xx.o
    0x080055f8   0x080055f8   0x00000178   Code   RO          956    .text.TIM_Base_SetConfig  stm32h7xx_hal_tim.o
    0x08005770   0x08005770   0x000000e0   Code   RO         1287    .text.UART_AdvFeatureConfig  stm32h7xx_hal_uart.o
    0x08005850   0x08005850   0x00000176   Code   RO         1291    .text.UART_CheckIdleState  stm32h7xx_hal_uart.o
    0x080059c6   0x080059c6   0x00000002   PAD
    0x080059c8   0x080059c8   0x0000000c   Code   RO         1369    .text.UART_DMAAbortOnError  stm32h7xx_hal_uart.o
    0x080059d4   0x080059d4   0x00000004   PAD
    0x080059d8   0x080059d8   0x000001c4   Code   RO         1409    .text.UART_RxISR_16BIT  stm32h7xx_hal_uart.o
    0x08005b9c   0x08005b9c   0x00000004   PAD
    0x08005ba0   0x08005ba0   0x00000336   Code   RO         1405    .text.UART_RxISR_16BIT_FIFOEN  stm32h7xx_hal_uart.o
    0x08005ed6   0x08005ed6   0x00000002   PAD
    0x08005ed8   0x08005ed8   0x000001c8   Code   RO         1411    .text.UART_RxISR_8BIT  stm32h7xx_hal_uart.o
    0x080060a0   0x080060a0   0x0000033a   Code   RO         1407    .text.UART_RxISR_8BIT_FIFOEN  stm32h7xx_hal_uart.o
    0x080063da   0x080063da   0x00000006   PAD
    0x080063e0   0x080063e0   0x000004d4   Code   RO         1289    .text.UART_SetConfig  stm32h7xx_hal_uart.o
    0x080068b4   0x080068b4   0x00000004   PAD
    0x080068b8   0x080068b8   0x00000274   Code   RO         1321    .text.UART_Start_Receive_IT  stm32h7xx_hal_uart.o
    0x08006b2c   0x08006b2c   0x00000004   PAD
    0x08006b30   0x08006b30   0x000000d0   Code   RO         1315    .text.UART_TxISR_16BIT  stm32h7xx_hal_uart.o
    0x08006c00   0x08006c00   0x000000ec   Code   RO         1311    .text.UART_TxISR_16BIT_FIFOEN  stm32h7xx_hal_uart.o
    0x08006cec   0x08006cec   0x00000004   PAD
    0x08006cf0   0x08006cf0   0x000000cc   Code   RO         1317    .text.UART_TxISR_8BIT  stm32h7xx_hal_uart.o
    0x08006dbc   0x08006dbc   0x00000004   PAD
    0x08006dc0   0x08006dc0   0x000000e8   Code   RO         1313    .text.UART_TxISR_8BIT_FIFOEN  stm32h7xx_hal_uart.o
    0x08006ea8   0x08006ea8   0x00000358   Code   RO         1305    .text.UART_WaitOnFlagUntilTimeout  stm32h7xx_hal_uart.o
    0x08007200   0x08007200   0x0000000c   Code   RO          112    .text.USART1_IRQHandler  stm32h7xx_it.o
    0x0800720c   0x0800720c   0x00000004   PAD
    0x08007210   0x08007210   0x0000000c   Code   RO          114    .text.USART2_IRQHandler  stm32h7xx_it.o
    0x0800721c   0x0800721c   0x00000004   PAD
    0x08007220   0x08007220   0x0000000c   Code   RO          116    .text.USART3_IRQHandler  stm32h7xx_it.o
    0x0800722c   0x0800722c   0x00000004   PAD
    0x08007230   0x08007230   0x000000a6   Code   RO         1483    .text.UartInit      comm.o
    0x080072d6   0x080072d6   0x00000002   PAD
    0x080072d8   0x080072d8   0x00000002   Code   RO          102    .text.UsageFault_Handler  stm32h7xx_it.o
    0x080072da   0x080072da   0x00000006   PAD
    0x080072e0   0x080072e0   0x00000058   Code   RO         1567    .text.angle_correct_rad  coordinate2d.o
    0x08007338   0x08007338   0x000000fc   Code   RO         1579    .text.base2world    coordinate2d.o
    0x08007434   0x08007434   0x00000004   PAD
    0x08007438   0x08007438   0x00000062   Code   RO         1575    .text.base_sys_set_by_vector  coordinate2d.o
    0x0800749a   0x0800749a   0x00000006   PAD
    0x080074a0   0x080074a0   0x0000003e   Code   RO           11    .text.main          main.o
    0x080074de   0x080074de   0x00000002   PAD
    0x080074e0   0x080074e0   0x00000090   Code   RO         1639    .text.mecanum_forward_kinematics  mecanum.o
    0x08007570   0x08007570   0x0000005c   Code   RO         1641    .text.mecanum_inverse_kinematics  mecanum.o
    0x080075cc   0x080075cc   0x00000004   PAD
    0x080075d0   0x080075d0   0x000001ac   Code   RO         1519    .text.motor_cb      tasks.o
    0x0800777c   0x0800777c   0x00000004   PAD
    0x08007780   0x08007780   0x00000070   Code   RO         1545    .text.motor_init    actuator.o
    0x080077f0   0x080077f0   0x00000118   Code   RO         1547    .text.motor_output  actuator.o
    0x08007908   0x08007908   0x0000001a   Code   RO         1549    .text.motor_set_state  actuator.o
    0x08007922   0x08007922   0x00000006   PAD
    0x08007928   0x08007928   0x00000104   Code   RO         1551    .text.motor_update  actuator.o
    0x08007a2c   0x08007a2c   0x00000004   PAD
    0x08007a30   0x08007a30   0x00000112   Code   RO         1521    .text.nav_cb        tasks.o
    0x08007b42   0x08007b42   0x00000006   PAD
    0x08007b48   0x08007b48   0x00000040   Code   RO         1651    .text.pid_init      pid.o
    0x08007b88   0x08007b88   0x00000104   Code   RO         1655    .text.pid_refresh   pid.o
    0x08007c8c   0x08007c8c   0x00000004   PAD
    0x08007c90   0x08007c90   0x0000002c   Code   RO         1653    .text.pid_reset     pid.o
    0x08007cbc   0x08007cbc   0x00000004   PAD
    0x08007cc0   0x08007cc0   0x0000011a   Code   RO         1501    .text.read_pid_info  comm.o
    0x08007dda   0x08007dda   0x00000006   PAD
    0x08007de0   0x08007de0   0x0000000c   Code   RO         1553    .text.servo_180_init  actuator.o
    0x08007dec   0x08007dec   0x00000004   PAD
    0x08007df0   0x08007df0   0x0000009c   Code   RO         1555    .text.servo_180_set_angle  actuator.o
    0x08007e8c   0x08007e8c   0x00000004   PAD
    0x08007e90   0x08007e90   0x00000284   Code   RO         1525    .text.tasks_init    tasks.o
    0x08008114   0x08008114   0x00000004   PAD
    0x08008118   0x08008118   0x0000001e   Code   RO         1527    .text.tasks_run     tasks.o
    0x08008136   0x08008136   0x00000002   PAD
    0x08008138   0x08008138   0x00000016   Code   RO         1665    .text.time_slice_init  time_slice.o
    0x0800814e   0x0800814e   0x00000002   PAD
    0x08008150   0x08008150   0x00000024   Code   RO         1667    .text.time_slice_run  time_slice.o
    0x08008174   0x08008174   0x00000004   PAD
    0x08008178   0x08008178   0x00000218   Code   RO         1491    .text.uart2_solve   comm.o
    0x08008390   0x08008390   0x00000060   Code   RO         1677    .text.ultrasonic_init  ultrasonic.o
    0x080083f0   0x080083f0   0x00000052   Code   RO         1569    .text.vector2matrix  coordinate2d.o
    0x08008442   0x08008442   0x00000006   PAD
    0x08008448   0x08008448   0x00000104   Code   RO         1581    .text.world2base    coordinate2d.o
    0x0800854c   0x0800854c   0x00000004   PAD
    0x08008550   0x08008550   0x00000118   Code   RO         1505    .text.write_ultrasonic_info  comm.o
    0x08008668   0x08008668   0x00000030   Code   RO         1819    i.__ARM_fpclassify  m_wv.l(fpclassify.o)
    0x08008698   0x08008698   0x00000026   Code   RO         1762    i.__ARM_fpclassifyf  m_wv.l(fpclassifyf.o)
    0x080086be   0x080086be   0x00000002   PAD
    0x080086c0   0x080086c0   0x000000b0   Code   RO         1703    i.__hardfp_cos      m_wv.l(cos.o)
    0x08008770   0x08008770   0x00000150   Code   RO         1709    i.__hardfp_cosf     m_wv.l(cosf.o)
    0x080088c0   0x080088c0   0x000000b0   Code   RO         1715    i.__hardfp_fmodf    m_wv.l(fmodf.o)
    0x08008970   0x08008970   0x000000b0   Code   RO         1721    i.__hardfp_sin      m_wv.l(sin.o)
    0x08008a20   0x08008a20   0x00000190   Code   RO         1727    i.__hardfp_sinf     m_wv.l(sinf.o)
    0x08008bb0   0x08008bb0   0x00000308   Code   RO         1778    i.__ieee754_rem_pio2  m_wv.l(rred.o)
    0x08008eb8   0x08008eb8   0x000000c4   Code   RO         1745    i.__kernel_cos      m_wv.l(cos_i.o)
    0x08008f7c   0x08008f7c   0x00000070   Code   RO         1821    i.__kernel_poly     m_wv.l(poly.o)
    0x08008fec   0x08008fec   0x00000004   PAD
    0x08008ff0   0x08008ff0   0x000000a0   Code   RO         1786    i.__kernel_sin      m_wv.l(sin_i.o)
    0x08009090   0x08009090   0x00000018   Code   RO         1751    i.__mathlib_dbl_invalid  m_wv.l(dunder.o)
    0x080090a8   0x080090a8   0x00000018   Code   RO         1754    i.__mathlib_dbl_underflow  m_wv.l(dunder.o)
    0x080090c0   0x080090c0   0x00000006   Code   RO         1765    i.__mathlib_flt_infnan  m_wv.l(funder.o)
    0x080090c6   0x080090c6   0x00000002   PAD
    0x080090c8   0x080090c8   0x00000010   Code   RO         1767    i.__mathlib_flt_invalid  m_wv.l(funder.o)
    0x080090d8   0x080090d8   0x00000010   Code   RO         1770    i.__mathlib_flt_underflow  m_wv.l(funder.o)
    0x080090e8   0x080090e8   0x00000154   Code   RO         1783    i.__mathlib_rredf2  m_wv.l(rredf.o)
    0x0800923c   0x0800923c   0x00000018   Code   RO         1815    i.fabs              m_wv.l(fabs.o)
    0x08009254   0x08009254   0x0000008c   Code   RO         1811    x$fpl$fnaninf       fz_wv.l(fnaninf.o)
    0x080092e0   0x080092e0   0x0000001a   Code   RO         1912    x$fpl$fpinit        fz_wv.l(fpinit.o)
    0x080092fa   0x080092fa   0x00000002   PAD
    0x080092fc   0x080092fc   0x000000f4   Code   RO         1742    x$fpl$frem          fz_wv.l(frem_clz.o)
    0x080093f0   0x080093f0   0x00000000   Code   RO         1744    x$fpl$usenofp       fz_wv.l(usenofp.o)
    0x080093f0   0x080093f0   0x00000030   Data   RO         1746    .constdata          m_wv.l(cos_i.o)
    0x08009420   0x08009420   0x000000cc   Data   RO         1780    .constdata          m_wv.l(rred.o)
    0x080094ec   0x080094ec   0x00000020   Data   RO         1784    .constdata          m_wv.l(rredf.o)
    0x0800950c   0x0800950c   0x00000004   PAD
    0x08009510   0x08009510   0x00000028   Data   RO         1787    .constdata          m_wv.l(sin_i.o)
    0x08009538   0x08009538   0x00000006   Data   RO         1418    .rodata..Lswitch.table.UART_SetConfig.7  stm32h7xx_hal_uart.o
    0x0800953e   0x0800953e   0x00000006   Data   RO         1419    .rodata..Lswitch.table.UART_SetConfig.9  stm32h7xx_hal_uart.o
    0x08009544   0x08009544   0x00000010   Data   RO         1473    .rodata.D1CorePrescTable  system_stm32h7xx.o
    0x08009554   0x08009554   0x00000018   Data   RO         1417    .rodata.UARTPrescTable  stm32h7xx_hal_uart.o
    0x0800956c   0x0800956c   0x00000010   Data   RO         1460    .rodata.cst8        stm32h7xx_hal_uart_ex.o
    0x0800957c   0x0800957c   0x00000020   Data   RO         1973    Region$$Table       anon$$obj.o


    Execution Region RW_IRAM1 (Exec base: 0x20000000, Load base: 0x0800959c, Size: 0x00000000, Max: 0x00020000, ABSOLUTE)

    **** No section assigned to this execution region ****


    Execution Region RW_IRAM2 (Exec base: 0x24000000, Load base: 0x080095a0, Size: 0x00001200, Max: 0x00050000, ABSOLUTE)

    Exec Addr    Load Addr    Size         Type   Attr      Idx    E Section Name        Object

    0x24000000   0x080095a0   0x00000008   Data   RW          743    .data..L_MergedGlobals  stm32h7xx_hal.o
    0x24000008   0x080095a8   0x00000008   Data   RW         1474    .data..L_MergedGlobals  system_stm32h7xx.o
    0x24000010        -       0x00000060   Zero   RW         1824    .bss                c_w.l(libspace.o)
    0x24000070        -       0x00000043   Zero   RW         1510    .bss..L_MergedGlobals  comm.o
    0x240000b3   0x080095b0   0x00000001   PAD
    0x240000b4        -       0x00000070   Zero   RW         1535    .bss..L_MergedGlobals  tasks.o
    0x24000124        -       0x00000068   Zero   RW         1536    .bss..L_MergedGlobals.1  tasks.o
    0x2400018c        -       0x0000004c   Zero   RW           58    .bss.htim1          tim.o
    0x240001d8        -       0x0000004c   Zero   RW           64    .bss.htim15         tim.o
    0x24000224        -       0x0000004c   Zero   RW           59    .bss.htim2          tim.o
    0x24000270        -       0x0000004c   Zero   RW           60    .bss.htim3          tim.o
    0x240002bc        -       0x0000004c   Zero   RW           61    .bss.htim4          tim.o
    0x24000308        -       0x0000004c   Zero   RW           62    .bss.htim5          tim.o
    0x24000354        -       0x0000004c   Zero   RW           63    .bss.htim8          tim.o
    0x240003a0        -       0x00000094   Zero   RW           83    .bss.huart1         usart.o
    0x24000434        -       0x00000094   Zero   RW           84    .bss.huart2         usart.o
    0x240004c8        -       0x00000094   Zero   RW           85    .bss.huart3         usart.o
    0x2400055c        -       0x00000248   Zero   RW         1529    .bss.motor          tasks.o
    0x240007a4        -       0x000000c0   Zero   RW         1532    .bss.pos_pid        tasks.o
    0x24000864        -       0x00000030   Zero   RW         1530    .bss.rover_vel      tasks.o
    0x24000894        -       0x00000040   Zero   RW         1509    .bss.tx_buffer      comm.o
    0x240008d4        -       0x00000134   Zero   RW         1508    .bss.uart1_fifo     comm.o
    0x24000a08        -       0x00000134   Zero   RW         1507    .bss.uart2_fifo     comm.o
    0x24000b3c        -       0x00000004   Zero   RW          742    .bss.uwTick         stm32h7xx_hal.o
    0x24000b40        -       0x000000c0   Zero   RW         1531    .bss.vel_pid        tasks.o
    0x24000c00        -       0x00000200   Zero   RW            2    HEAP                startup_stm32h723xx.o
    0x24000e00        -       0x00000400   Zero   RW            1    STACK               startup_stm32h723xx.o


==============================================================================

Image component sizes


      Code (inc. data)   RO Data    RW Data    ZI Data      Debug   Object Name

       846         84          0          0          0       8601   actuator.o
      2250         28          0          0        747      16038   comm.o
       780         48          0          0          0       4645   coordinate2d.o
       250          0          0          0          0       2724   fifo.o
       212          0          0          0          0       3082   gpio.o
       276          0          0          0          0       2454   main.o
       236         12          0          0          0       1437   mecanum.o
       368          8          0          0          0       1851   pid.o
        64         26        716          0       1536        916   startup_stm32h723xx.o
       254          0          0          8          4      15966   stm32h7xx_hal.o
       202          0          0          0          0      12528   stm32h7xx_hal_cortex.o
      2024          0          0          0          0      17901   stm32h7xx_hal_dma.o
       436          0          0          0          0       7054   stm32h7xx_hal_gpio.o
        32          0          0          0          0       2296   stm32h7xx_hal_msp.o
        76          0          0          0          0       9672   stm32h7xx_hal_pwr_ex.o
      2468         16          0          0          0      11473   stm32h7xx_hal_rcc.o
      3946        138          0          0          0      19982   stm32h7xx_hal_rcc_ex.o
      3076         22          0          0          0      65033   stm32h7xx_hal_tim.o
       416          0          0          0          0      26760   stm32h7xx_hal_tim_ex.o
      9240        330         36          0          0      43638   stm32h7xx_hal_uart.o
       348          0         16          0          0      11656   stm32h7xx_hal_uart_ex.o
        56          0          0          0          0       5028   stm32h7xx_it.o
       176          0         16          8          0       5385   system_stm32h7xx.o
      1376         30          0          0       1232      10866   tasks.o
      2086          0          0          0        532      11492   tim.o
        58          0          0          0          0       1197   time_slice.o
        96          0          0          0          0       4735   ultrasonic.o
       768          0          0          0        444      12033   usart.o

    ----------------------------------------------------------------------
     32824        790        816         16       4496     336443   Object Totals
         0          0         32          0          0          0   (incl. Generated)
       408         48          0          0          1          0   (incl. Padding)

    ----------------------------------------------------------------------

      Code (inc. data)   RO Data    RW Data    ZI Data      Debug   Library Member Name

         8          0          0          0          0         68   __main.o
         0          0          0          0          0          0   __rtentry.o
        12          0          0          0          0          0   __rtentry2.o
         6          0          0          0          0          0   __rtentry4.o
        52          8          0          0          0          0   __scatter.o
        26          0          0          0          0          0   __scatter_copy.o
        28          0          0          0          0          0   __scatter_zi.o
        22          0          0          0          0        100   _rserrno.o
        18          0          0          0          0         80   exit.o
         6          0          0          0          0        152   heapauxi.o
         0          0          0          0          0          0   indicate_semi.o
         2          0          0          0          0          0   libinit.o
         6          0          0          0          0          0   libinit2.o
         2          0          0          0          0          0   libshutdown.o
         2          0          0          0          0          0   libshutdown2.o
         8          4          0          0         96         68   libspace.o
       240          0          0          0          0        100   lludivv7m.o
         8          4          0          0          0         68   rt_errno_addr_intlibspace.o
        78          0          0          0          0         80   rt_memclr_w.o
       138          0          0          0          0         68   rt_memcpy_v6.o
       100          0          0          0          0         80   rt_memcpy_w.o
         2          0          0          0          0          0   rtexit.o
        10          0          0          0          0          0   rtexit2.o
        12          4          0          0          0         68   sys_exit.o
        74          0          0          0          0         80   sys_stackheap_outer.o
         2          0          0          0          0         68   use_no_semi.o
       140          4          0          0          0        132   fnaninf.o
        26          0          0          0          0        116   fpinit.o
       244          8          0          0          0        132   frem_clz.o
         0          0          0          0          0          0   usenofp.o
       176         18          0          0          0        156   cos.o
       196         14         48          0          0        176   cos_i.o
       336         56          0          0          0        136   cosf.o
        48         28          0          0          0        232   dunder.o
        24          0          0          0          0        124   fabs.o
       176          0          0          0          0        168   fmodf.o
        48          0          0          0          0        124   fpclassify.o
        38          0          0          0          0        116   fpclassifyf.o
        38         12          0          0          0        348   funder.o
       112          0          0          0          0        116   poly.o
       776        130        204          0          0        172   rred.o
       340         24         32          0          0        160   rredf.o
       176         18          0          0          0        160   sin.o
       160         16         40          0          0        196   sin_i.o
       400         56          0          0          0        212   sinf.o

    ----------------------------------------------------------------------
      4332        404        328          0         96       4056   Library Totals
        16          0          4          0          0          0   (incl. Padding)

    ----------------------------------------------------------------------

      Code (inc. data)   RO Data    RW Data    ZI Data      Debug   Library Name

       862         20          0          0         96       1080   c_w.l
       410         12          0          0          0        380   fz_wv.l
      3044        372        324          0          0       2596   m_wv.l

    ----------------------------------------------------------------------
      4332        404        328          0         96       4056   Library Totals

    ----------------------------------------------------------------------

==============================================================================


      Code (inc. data)   RO Data    RW Data    ZI Data      Debug   

     37156       1194       1144         16       4592     337611   Grand Totals
     37156       1194       1144         16       4592     337611   ELF Image Totals
     37156       1194       1144         16          0          0   ROM Totals

==============================================================================

    Total RO  Size (Code + RO Data)                38300 (  37.40kB)
    Total RW  Size (RW Data + ZI Data)              4608 (   4.50kB)
    Total ROM Size (Code + RO Data + RW Data)      38316 (  37.42kB)

==============================================================================

